
Running 2048 tests using 8 workers

  ✓     5 [chromium-light] › tests/accessibility.spec.ts:98:5 › Accessibility Tests (WCAG 2.1 AA) › Contact page should have accessible images (2.4s)
  ✓     1 [chromium-light] › tests/accessibility.spec.ts:68:5 › Accessibility Tests (WCAG 2.1 AA) › Contact page should have proper heading hierarchy (2.4s)
  ✓     6 [chromium-light] › tests/accessibility.spec.ts:68:5 › Accessibility Tests (WCAG 2.1 AA) › Home page should have proper heading hierarchy (3.4s)
  ✓     3 [chromium-light] › tests/accessibility.spec.ts:98:5 › Accessibility Tests (WCAG 2.1 AA) › Home page should have accessible images (4.7s)
  ✓     2 [chromium-light] › tests/accessibility.spec.ts:141:5 › Accessibility Tests (WCAG 2.1 AA) › Home page should have proper focus indicators (5.0s)
  ✓     8 [chromium-light] › tests/accessibility.spec.ts:53:5 › Accessibility Tests (WCAG 2.1 AA) › Contact page should have no accessibility violations (5.8s)
  ✓    10 [chromium-light] › tests/accessibility.spec.ts:141:5 › Accessibility Tests (WCAG 2.1 AA) › Contact page should have proper focus indicators (3.9s)
  ✓    12 [chromium-light] › tests/accessibility.spec.ts:68:5 › Accessibility Tests (WCAG 2.1 AA) › Gallery page should have proper heading hierarchy (2.4s)
  ✓     4 [chromium-light] › tests/accessibility.spec.ts:53:5 › Accessibility Tests (WCAG 2.1 AA) › Home page should have no accessibility violations (7.1s)
  ✓     9 [chromium-light] › tests/accessibility.spec.ts:121:5 › Accessibility Tests (WCAG 2.1 AA) › Contact page should have accessible links (5.8s)
  ✓     7 [chromium-light] › tests/accessibility.spec.ts:121:5 › Accessibility Tests (WCAG 2.1 AA) › Home page should have accessible links (8.8s)
  ✓    11 [chromium-light] › tests/accessibility.spec.ts:53:5 › Accessibility Tests (WCAG 2.1 AA) › Gallery page should have no accessibility violations (5.6s)
  ✓    17 [chromium-light] › tests/accessibility.spec.ts:68:5 › Accessibility Tests (WCAG 2.1 AA) › Privacy Policy page should have proper heading hierarchy (2.1s)
  ✓    18 [chromium-light] › tests/accessibility.spec.ts:98:5 › Accessibility Tests (WCAG 2.1 AA) › Privacy Policy page should have accessible images (1.7s)
  ✓    15 [chromium-light] › tests/accessibility.spec.ts:141:5 › Accessibility Tests (WCAG 2.1 AA) › Gallery page should have proper focus indicators (3.7s)
  ✓    16 [chromium-light] › tests/accessibility.spec.ts:53:5 › Accessibility Tests (WCAG 2.1 AA) › Privacy Policy page should have no accessibility violations (4.0s)
  ✓    14 [chromium-light] › tests/accessibility.spec.ts:121:5 › Accessibility Tests (WCAG 2.1 AA) › Gallery page should have accessible links (5.5s)
  ✓    20 [chromium-light] › tests/accessibility.spec.ts:141:5 › Accessibility Tests (WCAG 2.1 AA) › Privacy Policy page should have proper focus indicators (3.1s)
  ✓    22 [chromium-light] › tests/accessibility.spec.ts:68:5 › Accessibility Tests (WCAG 2.1 AA) › Terms of Service page should have proper heading hierarchy (2.0s)
  ✓    23 [chromium-light] › tests/accessibility.spec.ts:98:5 › Accessibility Tests (WCAG 2.1 AA) › Terms of Service page should have accessible images (1.9s)
  ✓    21 [chromium-light] › tests/accessibility.spec.ts:53:5 › Accessibility Tests (WCAG 2.1 AA) › Terms of Service page should have no accessibility violations (3.1s)
  ✓    13 [chromium-light] › tests/accessibility.spec.ts:98:5 › Accessibility Tests (WCAG 2.1 AA) › Gallery page should have accessible images (7.2s)
  ✓    19 [chromium-light] › tests/accessibility.spec.ts:121:5 › Accessibility Tests (WCAG 2.1 AA) › Privacy Policy page should have accessible links (4.4s)
  ✓    27 [chromium-light] › tests/accessibility.spec.ts:68:5 › Accessibility Tests (WCAG 2.1 AA) › Tools Index page should have proper heading hierarchy (2.3s)
  ✓    25 [chromium-light] › tests/accessibility.spec.ts:141:5 › Accessibility Tests (WCAG 2.1 AA) › Terms of Service page should have proper focus indicators (3.0s)
  ✓    30 [chromium-light] › tests/accessibility.spec.ts:98:5 › Accessibility Tests (WCAG 2.1 AA) › Tools Index page should have accessible images (2.7s)
  ✓    28 [chromium-light] › tests/accessibility.spec.ts:141:5 › Accessibility Tests (WCAG 2.1 AA) › Tools Index page should have proper focus indicators (3.4s)
  ✓    26 [chromium-light] › tests/accessibility.spec.ts:53:5 › Accessibility Tests (WCAG 2.1 AA) › Tools Index page should have no accessibility violations (4.0s)
  ✓    24 [chromium-light] › tests/accessibility.spec.ts:121:5 › Accessibility Tests (WCAG 2.1 AA) › Terms of Service page should have accessible links (5.3s)
  ✓    32 [chromium-light] › tests/accessibility.spec.ts:68:5 › Accessibility Tests (WCAG 2.1 AA) › Background Tool page should have proper heading hierarchy (2.0s)
  ✓    33 [chromium-light] › tests/accessibility.spec.ts:98:5 › Accessibility Tests (WCAG 2.1 AA) › Background Tool page should have accessible images (2.0s)
  ✓    31 [chromium-light] › tests/accessibility.spec.ts:53:5 › Accessibility Tests (WCAG 2.1 AA) › Background Tool page should have no accessibility violations (4.2s)
  ✓    29 [chromium-light] › tests/accessibility.spec.ts:121:5 › Accessibility Tests (WCAG 2.1 AA) › Tools Index page should have accessible links (6.0s)
  ✓    35 [chromium-light] › tests/accessibility.spec.ts:141:5 › Accessibility Tests (WCAG 2.1 AA) › Background Tool page should have proper focus indicators (2.7s)
  ✓    37 [chromium-light] › tests/accessibility.spec.ts:68:5 › Accessibility Tests (WCAG 2.1 AA) › Contour Tool page should have proper heading hierarchy (2.1s)
  ✓    38 [chromium-light] › tests/accessibility.spec.ts:98:5 › Accessibility Tests (WCAG 2.1 AA) › Contour Tool page should have accessible images (2.0s)
  ✓    36 [chromium-light] › tests/accessibility.spec.ts:53:5 › Accessibility Tests (WCAG 2.1 AA) › Contour Tool page should have no accessibility violations (3.0s)
  ✓    34 [chromium-light] › tests/accessibility.spec.ts:121:5 › Accessibility Tests (WCAG 2.1 AA) › Background Tool page should have accessible links (4.0s)
  ✓    40 [chromium-light] › tests/accessibility.spec.ts:141:5 › Accessibility Tests (WCAG 2.1 AA) › Contour Tool page should have proper focus indicators (1.9s)
  ✓    39 [chromium-light] › tests/accessibility.spec.ts:121:5 › Accessibility Tests (WCAG 2.1 AA) › Contour Tool page should have accessible links (3.4s)
  ✓    44 [chromium-light] › tests/accessibility.spec.ts:68:5 › Accessibility Tests (WCAG 2.1 AA) › Dither Tool page should have proper heading hierarchy (2.3s)
  ✓    43 [chromium-light] › tests/accessibility.spec.ts:98:5 › Accessibility Tests (WCAG 2.1 AA) › Dither Tool page should have accessible images (2.4s)
  ✓    47 [chromium-light] › tests/accessibility.spec.ts:68:5 › Accessibility Tests (WCAG 2.1 AA) › Editor Tool page should have proper heading hierarchy (2.4s)
  ✓    45 [chromium-light] › tests/accessibility.spec.ts:141:5 › Accessibility Tests (WCAG 2.1 AA) › Dither Tool page should have proper focus indicators (2.8s)
  ✓    41 [chromium-light] › tests/accessibility.spec.ts:53:5 › Accessibility Tests (WCAG 2.1 AA) › Dither Tool page should have no accessibility violations (3.6s)
  ✓    48 [chromium-light] › tests/accessibility.spec.ts:98:5 › Accessibility Tests (WCAG 2.1 AA) › Editor Tool page should have accessible images (2.2s)
  ✓    46 [chromium-light] › tests/accessibility.spec.ts:53:5 › Accessibility Tests (WCAG 2.1 AA) › Editor Tool page should have no accessibility violations (3.7s)
  ✓    42 [chromium-light] › tests/accessibility.spec.ts:121:5 › Accessibility Tests (WCAG 2.1 AA) › Dither Tool page should have accessible links (4.5s)
  ✓    52 [chromium-light] › tests/accessibility.spec.ts:68:5 › Accessibility Tests (WCAG 2.1 AA) › Masking Tool page should have proper heading hierarchy (1.6s)
  ✓    53 [chromium-light] › tests/accessibility.spec.ts:98:5 › Accessibility Tests (WCAG 2.1 AA) › Masking Tool page should have accessible images (1.6s)
  ✓    49 [chromium-light] › tests/accessibility.spec.ts:121:5 › Accessibility Tests (WCAG 2.1 AA) › Editor Tool page should have accessible links (2.7s)
  ✓    50 [chromium-light] › tests/accessibility.spec.ts:141:5 › Accessibility Tests (WCAG 2.1 AA) › Editor Tool page should have proper focus indicators (2.6s)
  ✓    55 [chromium-light] › tests/accessibility.spec.ts:141:5 › Accessibility Tests (WCAG 2.1 AA) › Masking Tool page should have proper focus indicators (1.4s)
  ✓    51 [chromium-light] › tests/accessibility.spec.ts:53:5 › Accessibility Tests (WCAG 2.1 AA) › Masking Tool page should have no accessibility violations (2.8s)
  ✓    57 [chromium-light] › tests/accessibility.spec.ts:68:5 › Accessibility Tests (WCAG 2.1 AA) › Journal Index page should have proper heading hierarchy (1.5s)
  ✓    58 [chromium-light] › tests/accessibility.spec.ts:98:5 › Accessibility Tests (WCAG 2.1 AA) › Journal Index page should have accessible images (1.5s)
  ✓    56 [chromium-light] › tests/accessibility.spec.ts:53:5 › Accessibility Tests (WCAG 2.1 AA) › Journal Index page should have no accessibility violations (2.0s)
  ✓    54 [chromium-light] › tests/accessibility.spec.ts:121:5 › Accessibility Tests (WCAG 2.1 AA) › Masking Tool page should have accessible links (2.5s)
  ✓    60 [chromium-light] › tests/accessibility.spec.ts:141:5 › Accessibility Tests (WCAG 2.1 AA) › Journal Index page should have proper focus indicators (1.7s)
  ✓    59 [chromium-light] › tests/accessibility.spec.ts:121:5 › Accessibility Tests (WCAG 2.1 AA) › Journal Index page should have accessible links (2.2s)
  ✓    62 [chromium-light] › tests/accessibility.spec.ts:198:5 › Dark Mode Accessibility › Home page should maintain color contrast in dark mode (1.8s)
  ✓    61 [chromium-light] › tests/accessibility.spec.ts:183:5 › Dark Mode Accessibility › Home page should have no accessibility violations in dark mode (2.1s)
  ✓    64 [chromium-light] › tests/accessibility.spec.ts:198:5 › Dark Mode Accessibility › Contact page should maintain color contrast in dark mode (1.6s)
  ✓    63 [chromium-light] › tests/accessibility.spec.ts:183:5 › Dark Mode Accessibility › Contact page should have no accessibility violations in dark mode (1.9s)
  ✓    66 [chromium-light] › tests/accessibility.spec.ts:198:5 › Dark Mode Accessibility › Gallery page should maintain color contrast in dark mode (2.1s)
  ✓    68 [chromium-light] › tests/accessibility.spec.ts:198:5 › Dark Mode Accessibility › Privacy Policy page should maintain color contrast in dark mode (1.9s)
  ✓    67 [chromium-light] › tests/accessibility.spec.ts:183:5 › Dark Mode Accessibility › Privacy Policy page should have no accessibility violations in dark mode (2.2s)
  ✓    65 [chromium-light] › tests/accessibility.spec.ts:183:5 › Dark Mode Accessibility › Gallery page should have no accessibility violations in dark mode (2.8s)
  ✓    70 [chromium-light] › tests/accessibility.spec.ts:198:5 › Dark Mode Accessibility › Terms of Service page should maintain color contrast in dark mode (2.0s)
  ✓    69 [chromium-light] › tests/accessibility.spec.ts:183:5 › Dark Mode Accessibility › Terms of Service page should have no accessibility violations in dark mode (2.1s)
  ✓    72 [chromium-light] › tests/accessibility.spec.ts:198:5 › Dark Mode Accessibility › Tools Index page should maintain color contrast in dark mode (1.7s)
  ✓    71 [chromium-light] › tests/accessibility.spec.ts:183:5 › Dark Mode Accessibility › Tools Index page should have no accessibility violations in dark mode (2.2s)
  ✓    73 [chromium-light] › tests/accessibility.spec.ts:183:5 › Dark Mode Accessibility › Background Tool page should have no accessibility violations in dark mode (2.6s)
  ✓    74 [chromium-light] › tests/accessibility.spec.ts:198:5 › Dark Mode Accessibility › Background Tool page should maintain color contrast in dark mode (2.7s)
  ✓    76 [chromium-light] › tests/accessibility.spec.ts:198:5 › Dark Mode Accessibility › Contour Tool page should maintain color contrast in dark mode (2.7s)
  ✓    78 [chromium-light] › tests/accessibility.spec.ts:198:5 › Dark Mode Accessibility › Dither Tool page should maintain color contrast in dark mode (2.2s)
  ✓    77 [chromium-light] › tests/accessibility.spec.ts:183:5 › Dark Mode Accessibility › Dither Tool page should have no accessibility violations in dark mode (2.5s)
  ✓    75 [chromium-light] › tests/accessibility.spec.ts:183:5 › Dark Mode Accessibility › Contour Tool page should have no accessibility violations in dark mode (3.3s)
  ✓    80 [chromium-light] › tests/accessibility.spec.ts:198:5 › Dark Mode Accessibility › Editor Tool page should maintain color contrast in dark mode (2.8s)
  ✓    79 [chromium-light] › tests/accessibility.spec.ts:183:5 › Dark Mode Accessibility › Editor Tool page should have no accessibility violations in dark mode (3.5s)
  ✓    81 [chromium-light] › tests/accessibility.spec.ts:183:5 › Dark Mode Accessibility › Masking Tool page should have no accessibility violations in dark mode (2.4s)
  ✓    85 [chromium-light] › tests/accessibility.spec.ts:222:3 › Keyboard Navigation › should handle focus management correctly (1.6s)
  ✓    86 [chromium-light] › tests/accessibility.spec.ts:246:3 › Keyboard Navigation › should be able to navigate the site using only keyboard (1.6s)
  ✓    84 [chromium-light] › tests/accessibility.spec.ts:198:5 › Dark Mode Accessibility › Journal Index page should maintain color contrast in dark mode (2.1s)
  ✓    82 [chromium-light] › tests/accessibility.spec.ts:198:5 › Dark Mode Accessibility › Masking Tool page should maintain color contrast in dark mode (2.6s)
  ✓    83 [chromium-light] › tests/accessibility.spec.ts:183:5 › Dark Mode Accessibility › Journal Index page should have no accessibility violations in dark mode (2.6s)
  ✓    87 [chromium-light] › tests/accessibility.spec.ts:274:3 › Keyboard Navigation › should handle mobile menu focus correctly (2.1s)
  ✓    89 [chromium-light] › tests/accessibility.spec.ts:325:3 › Form Accessibility › contact form should show validation errors accessibly (1.6s)
  ✓    88 [chromium-light] › tests/accessibility.spec.ts:299:3 › Form Accessibility › contact form should have proper labels (2.0s)
  ✓    93 [chromium-light] › tests/accessibility.spec.ts:352:5 › ARIA Landmarks › Privacy Policy page should have proper ARIA landmarks (1.3s)
  ✓    90 [chromium-light] › tests/accessibility.spec.ts:352:5 › ARIA Landmarks › Home page should have proper ARIA landmarks (1.8s)
  ✓    92 [chromium-light] › tests/accessibility.spec.ts:352:5 › ARIA Landmarks › Gallery page should have proper ARIA landmarks (1.7s)
  ✓    91 [chromium-light] › tests/accessibility.spec.ts:352:5 › ARIA Landmarks › Contact page should have proper ARIA landmarks (1.8s)
  ✓    94 [chromium-light] › tests/accessibility.spec.ts:352:5 › ARIA Landmarks › Terms of Service page should have proper ARIA landmarks (1.8s)
  ✓    95 [chromium-light] › tests/accessibility.spec.ts:352:5 › ARIA Landmarks › Tools Index page should have proper ARIA landmarks (1.5s)
  ✓    96 [chromium-light] › tests/accessibility.spec.ts:352:5 › ARIA Landmarks › Background Tool page should have proper ARIA landmarks (1.3s)
  ✓    97 [chromium-light] › tests/accessibility.spec.ts:352:5 › ARIA Landmarks › Contour Tool page should have proper ARIA landmarks (1.3s)
  ✓   101 [chromium-light] › tests/accessibility.spec.ts:352:5 › ARIA Landmarks › Journal Index page should have proper ARIA landmarks (1.6s)
  ✓    99 [chromium-light] › tests/accessibility.spec.ts:352:5 › ARIA Landmarks › Editor Tool page should have proper ARIA landmarks (1.8s)
  ✓    98 [chromium-light] › tests/accessibility.spec.ts:352:5 › ARIA Landmarks › Dither Tool page should have proper ARIA landmarks (1.8s)
  ✓   100 [chromium-light] › tests/accessibility.spec.ts:352:5 › ARIA Landmarks › Masking Tool page should have proper ARIA landmarks (1.8s)
  ✓   104 [chromium-light] › tests/performance.spec.ts:49:5 › Performance Tests › Home page should load within acceptable time (1.7s)
  ✓   106 [chromium-light] › tests/performance.spec.ts:90:5 › Performance Tests › Home page should have proper resource hints (1.6s)
  ✓   110 [chromium-light] › tests/performance.spec.ts:90:5 › Performance Tests › Contact page should have proper resource hints (592ms)
  ✓   105 [chromium-light] › tests/performance.spec.ts:61:5 › Performance Tests › Home page should have optimized images (2.5s)
  ✓   102 [chromium-light] › tests/accessibility.spec.ts:378:3 › Mobile Accessibility › should be accessible on mobile devices (2.9s)
  ✓   107 [chromium-light] › tests/performance.spec.ts:127:5 › Performance Tests › Home page should not have excessive DOM size (1.9s)
  ✓   109 [chromium-light] › tests/performance.spec.ts:49:5 › Performance Tests › Contact page should load within acceptable time (1.9s)
  ✓   108 [chromium-light] › tests/performance.spec.ts:61:5 › Performance Tests › Contact page should have optimized images (2.0s)
  ✓   103 [chromium-light] › tests/accessibility.spec.ts:392:3 › Mobile Accessibility › should have touch-friendly targets on mobile (3.3s)
  ✓   114 [chromium-light] › tests/performance.spec.ts:90:5 › Performance Tests › Gallery page should have proper resource hints (1.1s)
  ✓   111 [chromium-light] › tests/performance.spec.ts:127:5 › Performance Tests › Contact page should not have excessive DOM size (1.2s)
  ✓   118 [chromium-light] › tests/performance.spec.ts:90:5 › Performance Tests › Privacy Policy page should have proper resource hints (914ms)
  ✓   112 [chromium-light] › tests/performance.spec.ts:49:5 › Performance Tests › Gallery page should load within acceptable time (1.8s)
  ✓   116 [chromium-light] › tests/performance.spec.ts:49:5 › Performance Tests › Privacy Policy page should load within acceptable time (1.9s)
  ✓   122 [chromium-light] › tests/performance.spec.ts:90:5 › Performance Tests › Terms of Service page should have proper resource hints (554ms)
  ✓   113 [chromium-light] › tests/performance.spec.ts:61:5 › Performance Tests › Gallery page should have optimized images (2.4s)
  ✓   117 [chromium-light] › tests/performance.spec.ts:61:5 › Performance Tests › Privacy Policy page should have optimized images (1.7s)
  ✓   119 [chromium-light] › tests/performance.spec.ts:127:5 › Performance Tests › Privacy Policy page should not have excessive DOM size (1.4s)
  ✓   115 [chromium-light] › tests/performance.spec.ts:127:5 › Performance Tests › Gallery page should not have excessive DOM size (2.2s)
  ✓   120 [chromium-light] › tests/performance.spec.ts:49:5 › Performance Tests › Terms of Service page should load within acceptable time (1.6s)
  ✓   126 [chromium-light] › tests/performance.spec.ts:90:5 › Performance Tests › Tools Index page should have proper resource hints (406ms)
  ✓   121 [chromium-light] › tests/performance.spec.ts:61:5 › Performance Tests › Terms of Service page should have optimized images (1.3s)
  ✓   130 [chromium-light] › tests/performance.spec.ts:90:5 › Performance Tests › Background Tool page should have proper resource hints (729ms)
  ✓   125 [chromium-light] › tests/performance.spec.ts:61:5 › Performance Tests › Tools Index page should have optimized images (1.2s)
  ✓   124 [chromium-light] › tests/performance.spec.ts:49:5 › Performance Tests › Tools Index page should load within acceptable time (1.3s)
  ✓   128 [chromium-light] › tests/performance.spec.ts:49:5 › Performance Tests › Background Tool page should load within acceptable time (1.2s)
  ✓   123 [chromium-light] › tests/performance.spec.ts:127:5 › Performance Tests › Terms of Service page should not have excessive DOM size (1.4s)
  ✓   127 [chromium-light] › tests/performance.spec.ts:127:5 › Performance Tests › Tools Index page should not have excessive DOM size (1.2s)
  ✓   134 [chromium-light] › tests/performance.spec.ts:90:5 › Performance Tests › Contour Tool page should have proper resource hints (929ms)
  ✓   129 [chromium-light] › tests/performance.spec.ts:61:5 › Performance Tests › Background Tool page should have optimized images (2.0s)
  ✓   131 [chromium-light] › tests/performance.spec.ts:127:5 › Performance Tests › Background Tool page should not have excessive DOM size (2.1s)
  ✓   132 [chromium-light] › tests/performance.spec.ts:49:5 › Performance Tests › Contour Tool page should load within acceptable time (2.5s)
  ✓   138 [chromium-light] › tests/performance.spec.ts:90:5 › Performance Tests › Dither Tool page should have proper resource hints (1.4s)
  ✓   133 [chromium-light] › tests/performance.spec.ts:61:5 › Performance Tests › Contour Tool page should have optimized images (2.9s)
  ✓   136 [chromium-light] › tests/performance.spec.ts:127:5 › Performance Tests › Contour Tool page should not have excessive DOM size (2.8s)
  ✓   135 [chromium-light] › tests/performance.spec.ts:49:5 › Performance Tests › Dither Tool page should load within acceptable time (3.5s)
  ✓   142 [chromium-light] › tests/performance.spec.ts:90:5 › Performance Tests › Editor Tool page should have proper resource hints (1.2s)
  ✓   139 [chromium-light] › tests/performance.spec.ts:127:5 › Performance Tests › Dither Tool page should not have excessive DOM size (2.6s)
  ✓   137 [chromium-light] › tests/performance.spec.ts:61:5 › Performance Tests › Dither Tool page should have optimized images (3.7s)
  ✓   140 [chromium-light] › tests/performance.spec.ts:49:5 › Performance Tests › Editor Tool page should load within acceptable time (2.7s)
  ✓   141 [chromium-light] › tests/performance.spec.ts:61:5 › Performance Tests › Editor Tool page should have optimized images (2.5s)
  ✓   146 [chromium-light] › tests/performance.spec.ts:90:5 › Performance Tests › Masking Tool page should have proper resource hints (1.3s)
  ✓   150 [chromium-light] › tests/performance.spec.ts:90:5 › Performance Tests › Journal Index page should have proper resource hints (628ms)
  ✓   143 [chromium-light] › tests/performance.spec.ts:127:5 › Performance Tests › Editor Tool page should not have excessive DOM size (2.7s)
  ✓   144 [chromium-light] › tests/performance.spec.ts:49:5 › Performance Tests › Masking Tool page should load within acceptable time (2.7s)
  ✓   145 [chromium-light] › tests/performance.spec.ts:61:5 › Performance Tests › Masking Tool page should have optimized images (2.2s)
  ✓   148 [chromium-light] › tests/performance.spec.ts:49:5 › Performance Tests › Journal Index page should load within acceptable time (2.0s)
  ✓   149 [chromium-light] › tests/performance.spec.ts:61:5 › Performance Tests › Journal Index page should have optimized images (1.7s)
  ✓   147 [chromium-light] › tests/performance.spec.ts:127:5 › Performance Tests › Masking Tool page should not have excessive DOM size (2.2s)
  ✓   154 [chromium-light] › tests/performance.spec.ts:215:3 › Core Web Vitals › Home page should meet FCP threshold (1.2s)
  ✓   152 [chromium-light] › tests/performance.spec.ts:163:3 › Core Web Vitals › Home page should meet LCP threshold (1.2s)
  ✓   151 [chromium-light] › tests/performance.spec.ts:127:5 › Performance Tests › Journal Index page should not have excessive DOM size (1.9s)
  ✓   157 [chromium-light] › tests/performance.spec.ts:281:3 › Resource Loading › should have efficient CSS loading (1.0s)
  ✓   155 [chromium-light] › tests/performance.spec.ts:240:3 › Core Web Vitals › Home page should have reasonable TTFB (1.3s)
  ✓   158 [chromium-light] › tests/performance.spec.ts:304:3 › Resource Loading › should use text compression (918ms)
  ✓   156 [chromium-light] › tests/performance.spec.ts:256:3 › Resource Loading › should not have render-blocking resources (1.3s)
  ✓   165 [chromium-light] › tests/seo.spec.ts:116:5 › SEO Meta Tags › Home page should have canonical URL (1.0s)
  ✓   164 [chromium-light] › tests/seo.spec.ts:84:5 › SEO Meta Tags › Home page should have proper title (1.1s)
  ✓   163 [chromium-light] › tests/seo.spec.ts:104:5 › SEO Meta Tags › Home page should have meta description (1.1s)
  ✓   161 [chromium-light] › tests/performance.spec.ts:358:3 › Network Performance › should not have excessive resource requests (1.7s)
  ✓   160 [chromium-light] › tests/performance.spec.ts:333:3 › Mobile Performance › should have mobile-optimized images (1.9s)
  ✓   159 [chromium-light] › tests/performance.spec.ts:323:3 › Mobile Performance › should perform well on mobile (2.0s)
  ✓   162 [chromium-light] › tests/performance.spec.ts:386:3 › Network Performance › should have reasonable total resource size (1.8s)
  ✓   167 [chromium-light] › tests/seo.spec.ts:155:5 › SEO Meta Tags › Home page should have Twitter Card tags (572ms)
  ✓   168 [chromium-light] › tests/seo.spec.ts:181:5 › SEO Meta Tags › Home page should have proper lang attribute (824ms)
  ✓   166 [chromium-light] › tests/seo.spec.ts:127:5 › SEO Meta Tags › Home page should have Open Graph tags (915ms)
  ✓   171 [chromium-light] › tests/seo.spec.ts:104:5 › SEO Meta Tags › Contact page should have meta description (507ms)
  ✓   172 [chromium-light] › tests/seo.spec.ts:116:5 › SEO Meta Tags › Contact page should have canonical URL (551ms)
  ✓   169 [chromium-light] › tests/seo.spec.ts:190:7 › SEO Meta Tags › Home page should have valid Schema.org data (985ms)
  ✓   170 [chromium-light] › tests/seo.spec.ts:84:5 › SEO Meta Tags › Contact page should have proper title (868ms)
  ✓   173 [chromium-light] › tests/seo.spec.ts:127:5 › SEO Meta Tags › Contact page should have Open Graph tags (739ms)
  ✓   175 [chromium-light] › tests/seo.spec.ts:181:5 › SEO Meta Tags › Contact page should have proper lang attribute (552ms)
  ✓   174 [chromium-light] › tests/seo.spec.ts:155:5 › SEO Meta Tags › Contact page should have Twitter Card tags (691ms)
  ✓   176 [chromium-light] › tests/seo.spec.ts:190:7 › SEO Meta Tags › Contact page should have valid Schema.org data (547ms)
  ✓   177 [chromium-light] › tests/seo.spec.ts:84:5 › SEO Meta Tags › Gallery page should have proper title (1.1s)
  ✓   179 [chromium-light] › tests/seo.spec.ts:116:5 › SEO Meta Tags › Gallery page should have canonical URL (1.1s)
  ✓   178 [chromium-light] › tests/seo.spec.ts:104:5 › SEO Meta Tags › Gallery page should have meta description (1.4s)
  ✓   180 [chromium-light] › tests/seo.spec.ts:127:5 › SEO Meta Tags › Gallery page should have Open Graph tags (1.3s)
  ✓   153 [chromium-light] › tests/performance.spec.ts:188:3 › Core Web Vitals › Home page should meet CLS threshold (5.6s)
  ✓   182 [chromium-light] › tests/seo.spec.ts:181:5 › SEO Meta Tags › Gallery page should have proper lang attribute (1.3s)
  ✓   181 [chromium-light] › tests/seo.spec.ts:155:5 › SEO Meta Tags › Gallery page should have Twitter Card tags (1.5s)
  ✓   184 [chromium-light] › tests/seo.spec.ts:84:5 › SEO Meta Tags › Privacy Policy page should have proper title (1.0s)
  ✓   183 [chromium-light] › tests/seo.spec.ts:190:7 › SEO Meta Tags › Gallery page should have valid Schema.org data (1.6s)
  ✓   185 [chromium-light] › tests/seo.spec.ts:104:5 › SEO Meta Tags › Privacy Policy page should have meta description (1.0s)
  ✓   186 [chromium-light] › tests/seo.spec.ts:116:5 › SEO Meta Tags › Privacy Policy page should have canonical URL (822ms)
  ✓   187 [chromium-light] › tests/seo.spec.ts:127:5 › SEO Meta Tags › Privacy Policy page should have Open Graph tags (994ms)
  ✓   188 [chromium-light] › tests/seo.spec.ts:181:5 › SEO Meta Tags › Privacy Policy page should have proper lang attribute (781ms)
  ✓   190 [chromium-light] › tests/seo.spec.ts:190:7 › SEO Meta Tags › Privacy Policy page should have valid Schema.org data (868ms)
  ✓   192 [chromium-light] › tests/seo.spec.ts:104:5 › SEO Meta Tags › Terms of Service page should have meta description (659ms)
  ✓   191 [chromium-light] › tests/seo.spec.ts:84:5 › SEO Meta Tags › Terms of Service page should have proper title (676ms)
  ✓   189 [chromium-light] › tests/seo.spec.ts:155:5 › SEO Meta Tags › Privacy Policy page should have Twitter Card tags (959ms)
  ✓   193 [chromium-light] › tests/seo.spec.ts:116:5 › SEO Meta Tags › Terms of Service page should have canonical URL (964ms)
  ✓   199 [chromium-light] › tests/seo.spec.ts:104:5 › SEO Meta Tags › Tools Index page should have meta description (519ms)
  ✓   196 [chromium-light] › tests/seo.spec.ts:181:5 › SEO Meta Tags › Terms of Service page should have proper lang attribute (760ms)
  ✓   194 [chromium-light] › tests/seo.spec.ts:127:5 › SEO Meta Tags › Terms of Service page should have Open Graph tags (921ms)
  ✓   197 [chromium-light] › tests/seo.spec.ts:190:7 › SEO Meta Tags › Terms of Service page should have valid Schema.org data (703ms)
  ✓   195 [chromium-light] › tests/seo.spec.ts:155:5 › SEO Meta Tags › Terms of Service page should have Twitter Card tags (881ms)
  ✓   200 [chromium-light] › tests/seo.spec.ts:116:5 › SEO Meta Tags › Tools Index page should have canonical URL (800ms)
  ✓   198 [chromium-light] › tests/seo.spec.ts:84:5 › SEO Meta Tags › Tools Index page should have proper title (883ms)
  ✓   204 [chromium-light] › tests/seo.spec.ts:190:7 › SEO Meta Tags › Tools Index page should have valid Schema.org data (627ms)
  ✓   206 [chromium-light] › tests/seo.spec.ts:104:5 › SEO Meta Tags › Background Tool page should have meta description (554ms)
  ✓   205 [chromium-light] › tests/seo.spec.ts:84:5 › SEO Meta Tags › Background Tool page should have proper title (633ms)
  ✓   203 [chromium-light] › tests/seo.spec.ts:181:5 › SEO Meta Tags › Tools Index page should have proper lang attribute (749ms)
  ✓   201 [chromium-light] › tests/seo.spec.ts:127:5 › SEO Meta Tags › Tools Index page should have Open Graph tags (821ms)
  ✓   202 [chromium-light] › tests/seo.spec.ts:155:5 › SEO Meta Tags › Tools Index page should have Twitter Card tags (957ms)
  ✓   207 [chromium-light] › tests/seo.spec.ts:116:5 › SEO Meta Tags › Background Tool page should have canonical URL (675ms)
  ✓   208 [chromium-light] › tests/seo.spec.ts:127:5 › SEO Meta Tags › Background Tool page should have Open Graph tags (892ms)
  ✓   211 [chromium-light] › tests/seo.spec.ts:190:7 › SEO Meta Tags › Background Tool page should have valid Schema.org data (647ms)
  ✓   214 [chromium-light] › tests/seo.spec.ts:116:5 › SEO Meta Tags › Contour Tool page should have canonical URL (445ms)
  ✓   210 [chromium-light] › tests/seo.spec.ts:181:5 › SEO Meta Tags › Background Tool page should have proper lang attribute (736ms)
  ✓   209 [chromium-light] › tests/seo.spec.ts:155:5 › SEO Meta Tags › Background Tool page should have Twitter Card tags (803ms)
  ✓   213 [chromium-light] › tests/seo.spec.ts:104:5 › SEO Meta Tags › Contour Tool page should have meta description (715ms)
  ✓   215 [chromium-light] › tests/seo.spec.ts:127:5 › SEO Meta Tags › Contour Tool page should have Open Graph tags (622ms)
  ✓   212 [chromium-light] › tests/seo.spec.ts:84:5 › SEO Meta Tags › Contour Tool page should have proper title (968ms)
  ✓   216 [chromium-light] › tests/seo.spec.ts:155:5 › SEO Meta Tags › Contour Tool page should have Twitter Card tags (604ms)
  ✓   217 [chromium-light] › tests/seo.spec.ts:181:5 › SEO Meta Tags › Contour Tool page should have proper lang attribute (650ms)
  ✓   219 [chromium-light] › tests/seo.spec.ts:84:5 › SEO Meta Tags › Dither Tool page should have proper title (659ms)
  ✓   218 [chromium-light] › tests/seo.spec.ts:190:7 › SEO Meta Tags › Contour Tool page should have valid Schema.org data (676ms)
  ✓   220 [chromium-light] › tests/seo.spec.ts:104:5 › SEO Meta Tags › Dither Tool page should have meta description (746ms)
  ✓   221 [chromium-light] › tests/seo.spec.ts:116:5 › SEO Meta Tags › Dither Tool page should have canonical URL (997ms)
  ✓   223 [chromium-light] › tests/seo.spec.ts:155:5 › SEO Meta Tags › Dither Tool page should have Twitter Card tags (985ms)
  ✓   222 [chromium-light] › tests/seo.spec.ts:127:5 › SEO Meta Tags › Dither Tool page should have Open Graph tags (1.1s)
  ✓   224 [chromium-light] › tests/seo.spec.ts:181:5 › SEO Meta Tags › Dither Tool page should have proper lang attribute (875ms)
  ✓   225 [chromium-light] › tests/seo.spec.ts:190:7 › SEO Meta Tags › Dither Tool page should have valid Schema.org data (768ms)
  ✓   226 [chromium-light] › tests/seo.spec.ts:84:5 › SEO Meta Tags › Editor Tool page should have proper title (732ms)
  ✓   228 [chromium-light] › tests/seo.spec.ts:116:5 › SEO Meta Tags › Editor Tool page should have canonical URL (698ms)
  ✓   227 [chromium-light] › tests/seo.spec.ts:104:5 › SEO Meta Tags › Editor Tool page should have meta description (860ms)
  ✓   230 [chromium-light] › tests/seo.spec.ts:155:5 › SEO Meta Tags › Editor Tool page should have Twitter Card tags (521ms)
  ✓   229 [chromium-light] › tests/seo.spec.ts:127:5 › SEO Meta Tags › Editor Tool page should have Open Graph tags (639ms)
  ✓   231 [chromium-light] › tests/seo.spec.ts:181:5 › SEO Meta Tags › Editor Tool page should have proper lang attribute (623ms)
  ✓   232 [chromium-light] › tests/seo.spec.ts:190:7 › SEO Meta Tags › Editor Tool page should have valid Schema.org data (778ms)
  ✓   234 [chromium-light] › tests/seo.spec.ts:104:5 › SEO Meta Tags › Masking Tool page should have meta description (769ms)
  ✓   233 [chromium-light] › tests/seo.spec.ts:84:5 › SEO Meta Tags › Masking Tool page should have proper title (827ms)
  ✓   238 [chromium-light] › tests/seo.spec.ts:181:5 › SEO Meta Tags › Masking Tool page should have proper lang attribute (697ms)
  ✓   236 [chromium-light] › tests/seo.spec.ts:127:5 › SEO Meta Tags › Masking Tool page should have Open Graph tags (944ms)
  ✓   235 [chromium-light] › tests/seo.spec.ts:116:5 › SEO Meta Tags › Masking Tool page should have canonical URL (1.0s)
  ✓   237 [chromium-light] › tests/seo.spec.ts:155:5 › SEO Meta Tags › Masking Tool page should have Twitter Card tags (717ms)
  ✓   239 [chromium-light] › tests/seo.spec.ts:190:7 › SEO Meta Tags › Masking Tool page should have valid Schema.org data (619ms)
  ✓   240 [chromium-light] › tests/seo.spec.ts:84:5 › SEO Meta Tags › Journal Index page should have proper title (701ms)
  ✓   242 [chromium-light] › tests/seo.spec.ts:116:5 › SEO Meta Tags › Journal Index page should have canonical URL (896ms)
  ✓   241 [chromium-light] › tests/seo.spec.ts:104:5 › SEO Meta Tags › Journal Index page should have meta description (934ms)
  ✓   244 [chromium-light] › tests/seo.spec.ts:181:5 › SEO Meta Tags › Journal Index page should have proper lang attribute (660ms)
  ✓   247 [chromium-light] › tests/seo.spec.ts:218:3 › SEO Structure › should have sitemap.xml (636ms)
  ✓   245 [chromium-light] › tests/seo.spec.ts:155:5 › SEO Meta Tags › Journal Index page should have Twitter Card tags (851ms)
  ✓   248 [chromium-light] › tests/seo.spec.ts:229:3 › SEO Structure › should have robots.txt (457ms)
  ✓   243 [chromium-light] › tests/seo.spec.ts:127:5 › SEO Meta Tags › Journal Index page should have Open Graph tags (862ms)
  ✓   246 [chromium-light] › tests/seo.spec.ts:190:7 › SEO Meta Tags › Journal Index page should have valid Schema.org data (984ms)
  ✓   252 [chromium-light] › tests/seo.spec.ts:293:3 › Mobile SEO › should have viewport meta tag (946ms)
  ✓   249 [chromium-light] › tests/seo.spec.ts:236:3 › SEO Structure › should have proper heading structure on home page (1.1s)
  ✓   253 [chromium-light] › tests/seo.spec.ts:301:3 › Mobile SEO › should be mobile-friendly (911ms)
  ✓   255 [chromium-light] › tests/seo.spec.ts:349:3 › Performance SEO › should have preconnect to external domains (952ms)
  ✓   256 [chromium-light] › tests/seo.spec.ts:365:3 › Performance SEO › should have optimized images (919ms)
  ✓   251 [chromium-light] › tests/seo.spec.ts:275:3 › SEO Structure › images should have alt text (1.4s)
  ✓   250 [chromium-light] › tests/seo.spec.ts:250:3 › SEO Structure › links should have descriptive text (1.6s)
  ✓   254 [chromium-light] › tests/seo.spec.ts:318:3 › Mobile SEO › should have touch-friendly tap targets (1.9s)
  ✓   257 [chromium-dark] › tests/accessibility.spec.ts:53:5 › Accessibility Tests (WCAG 2.1 AA) › Home page should have no accessibility violations (2.2s)
  ✓   259 [chromium-dark] › tests/accessibility.spec.ts:68:5 › Accessibility Tests (WCAG 2.1 AA) › Home page should have proper heading hierarchy (1.7s)
  ✓   258 [chromium-dark] › tests/accessibility.spec.ts:98:5 › Accessibility Tests (WCAG 2.1 AA) › Home page should have accessible images (2.3s)
  ✓   263 [chromium-dark] › tests/accessibility.spec.ts:68:5 › Accessibility Tests (WCAG 2.1 AA) › Contact page should have proper heading hierarchy (1.5s)
  ✓   261 [chromium-dark] › tests/accessibility.spec.ts:141:5 › Accessibility Tests (WCAG 2.1 AA) › Home page should have proper focus indicators (2.3s)
  ✓   262 [chromium-dark] › tests/accessibility.spec.ts:53:5 › Accessibility Tests (WCAG 2.1 AA) › Contact page should have no accessibility violations (2.0s)
  ✓   260 [chromium-dark] › tests/accessibility.spec.ts:121:5 › Accessibility Tests (WCAG 2.1 AA) › Home page should have accessible links (2.8s)
  ✓   264 [chromium-dark] › tests/accessibility.spec.ts:98:5 › Accessibility Tests (WCAG 2.1 AA) › Contact page should have accessible images (1.4s)
  ✓   268 [chromium-dark] › tests/accessibility.spec.ts:68:5 › Accessibility Tests (WCAG 2.1 AA) › Gallery page should have proper heading hierarchy (1.9s)
  ✓   265 [chromium-dark] › tests/accessibility.spec.ts:121:5 › Accessibility Tests (WCAG 2.1 AA) › Contact page should have accessible links (2.9s)
  ✓   266 [chromium-dark] › tests/accessibility.spec.ts:141:5 › Accessibility Tests (WCAG 2.1 AA) › Contact page should have proper focus indicators (2.9s)
  ✓   271 [chromium-dark] › tests/accessibility.spec.ts:141:5 › Accessibility Tests (WCAG 2.1 AA) › Gallery page should have proper focus indicators (3.4s)
  ✓   273 [chromium-dark] › tests/accessibility.spec.ts:68:5 › Accessibility Tests (WCAG 2.1 AA) › Privacy Policy page should have proper heading hierarchy (2.3s)
  ✓   274 [chromium-dark] › tests/accessibility.spec.ts:98:5 › Accessibility Tests (WCAG 2.1 AA) › Privacy Policy page should have accessible images (2.0s)
  ✓   267 [chromium-dark] › tests/accessibility.spec.ts:53:5 › Accessibility Tests (WCAG 2.1 AA) › Gallery page should have no accessibility violations (4.4s)
  ✓   272 [chromium-dark] › tests/accessibility.spec.ts:53:5 › Accessibility Tests (WCAG 2.1 AA) › Privacy Policy page should have no accessibility violations (4.3s)
  ✓   270 [chromium-dark] › tests/accessibility.spec.ts:121:5 › Accessibility Tests (WCAG 2.1 AA) › Gallery page should have accessible links (5.0s)
  ✓   269 [chromium-dark] › tests/accessibility.spec.ts:98:5 › Accessibility Tests (WCAG 2.1 AA) › Gallery page should have accessible images (5.3s)
  ✓   279 [chromium-dark] › tests/accessibility.spec.ts:98:5 › Accessibility Tests (WCAG 2.1 AA) › Terms of Service page should have accessible images (2.0s)
  ✓   277 [chromium-dark] › tests/accessibility.spec.ts:68:5 › Accessibility Tests (WCAG 2.1 AA) › Terms of Service page should have proper heading hierarchy (2.1s)
  ✓   275 [chromium-dark] › tests/accessibility.spec.ts:121:5 › Accessibility Tests (WCAG 2.1 AA) › Privacy Policy page should have accessible links (4.0s)
  ✓   278 [chromium-dark] › tests/accessibility.spec.ts:141:5 › Accessibility Tests (WCAG 2.1 AA) › Privacy Policy page should have proper focus indicators (3.1s)
  ✓   283 [chromium-dark] › tests/accessibility.spec.ts:68:5 › Accessibility Tests (WCAG 2.1 AA) › Tools Index page should have proper heading hierarchy (2.4s)
  ✓   281 [chromium-dark] › tests/accessibility.spec.ts:141:5 › Accessibility Tests (WCAG 2.1 AA) › Terms of Service page should have proper focus indicators (3.5s)
  ✓   284 [chromium-dark] › tests/accessibility.spec.ts:98:5 › Accessibility Tests (WCAG 2.1 AA) › Tools Index page should have accessible images (2.5s)
  ✓   276 [chromium-dark] › tests/accessibility.spec.ts:53:5 › Accessibility Tests (WCAG 2.1 AA) › Terms of Service page should have no accessibility violations (4.8s)
  ✓   286 [chromium-dark] › tests/accessibility.spec.ts:141:5 › Accessibility Tests (WCAG 2.1 AA) › Tools Index page should have proper focus indicators (3.2s)
  ✓   280 [chromium-dark] › tests/accessibility.spec.ts:121:5 › Accessibility Tests (WCAG 2.1 AA) › Terms of Service page should have accessible links (5.4s)
  ✓   282 [chromium-dark] › tests/accessibility.spec.ts:53:5 › Accessibility Tests (WCAG 2.1 AA) › Tools Index page should have no accessibility violations (5.4s)
  ✓   287 [chromium-dark] › tests/accessibility.spec.ts:68:5 › Accessibility Tests (WCAG 2.1 AA) › Background Tool page should have proper heading hierarchy (2.3s)
  ✓   290 [chromium-dark] › tests/accessibility.spec.ts:98:5 › Accessibility Tests (WCAG 2.1 AA) › Background Tool page should have accessible images (2.7s)
  ✓   285 [chromium-dark] › tests/accessibility.spec.ts:121:5 › Accessibility Tests (WCAG 2.1 AA) › Tools Index page should have accessible links (5.6s)
  ✓   288 [chromium-dark] › tests/accessibility.spec.ts:53:5 › Accessibility Tests (WCAG 2.1 AA) › Background Tool page should have no accessibility violations (4.9s)
  ✓   291 [chromium-dark] › tests/accessibility.spec.ts:141:5 › Accessibility Tests (WCAG 2.1 AA) › Background Tool page should have proper focus indicators (3.4s)
  ✓   293 [chromium-dark] › tests/accessibility.spec.ts:68:5 › Accessibility Tests (WCAG 2.1 AA) › Contour Tool page should have proper heading hierarchy (3.0s)
  ✓   294 [chromium-dark] › tests/accessibility.spec.ts:98:5 › Accessibility Tests (WCAG 2.1 AA) › Contour Tool page should have accessible images (3.2s)
  ✓   292 [chromium-dark] › tests/accessibility.spec.ts:53:5 › Accessibility Tests (WCAG 2.1 AA) › Contour Tool page should have no accessibility violations (4.2s)
  ✓   289 [chromium-dark] › tests/accessibility.spec.ts:121:5 › Accessibility Tests (WCAG 2.1 AA) › Background Tool page should have accessible links (6.8s)
  ✓   296 [chromium-dark] › tests/accessibility.spec.ts:141:5 › Accessibility Tests (WCAG 2.1 AA) › Contour Tool page should have proper focus indicators (3.7s)
  ✓   298 [chromium-dark] › tests/accessibility.spec.ts:68:5 › Accessibility Tests (WCAG 2.1 AA) › Dither Tool page should have proper heading hierarchy (1.9s)
  ✓   299 [chromium-dark] › tests/accessibility.spec.ts:98:5 › Accessibility Tests (WCAG 2.1 AA) › Dither Tool page should have accessible images (2.0s)
  ✓   297 [chromium-dark] › tests/accessibility.spec.ts:53:5 › Accessibility Tests (WCAG 2.1 AA) › Dither Tool page should have no accessibility violations (4.0s)
  ✓   302 [chromium-dark] › tests/accessibility.spec.ts:68:5 › Accessibility Tests (WCAG 2.1 AA) › Editor Tool page should have proper heading hierarchy (2.2s)
  ✓   301 [chromium-dark] › tests/accessibility.spec.ts:141:5 › Accessibility Tests (WCAG 2.1 AA) › Dither Tool page should have proper focus indicators (3.1s)
  ✓   295 [chromium-dark] › tests/accessibility.spec.ts:121:5 › Accessibility Tests (WCAG 2.1 AA) › Contour Tool page should have accessible links (6.9s)
  ✓   300 [chromium-dark] › tests/accessibility.spec.ts:121:5 › Accessibility Tests (WCAG 2.1 AA) › Dither Tool page should have accessible links (5.2s)
  ✓   304 [chromium-dark] › tests/accessibility.spec.ts:98:5 › Accessibility Tests (WCAG 2.1 AA) › Editor Tool page should have accessible images (3.7s)
  ✓   308 [chromium-dark] › tests/accessibility.spec.ts:68:5 › Accessibility Tests (WCAG 2.1 AA) › Masking Tool page should have proper heading hierarchy (2.7s)
  ✓   306 [chromium-dark] › tests/accessibility.spec.ts:141:5 › Accessibility Tests (WCAG 2.1 AA) › Editor Tool page should have proper focus indicators (3.4s)
  ✓   309 [chromium-dark] › tests/accessibility.spec.ts:98:5 › Accessibility Tests (WCAG 2.1 AA) › Masking Tool page should have accessible images (2.4s)
  ✓   303 [chromium-dark] › tests/accessibility.spec.ts:53:5 › Accessibility Tests (WCAG 2.1 AA) › Editor Tool page should have no accessibility violations (5.3s)
  ✓   307 [chromium-dark] › tests/accessibility.spec.ts:53:5 › Accessibility Tests (WCAG 2.1 AA) › Masking Tool page should have no accessibility violations (3.7s)
  ✓   305 [chromium-dark] › tests/accessibility.spec.ts:121:5 › Accessibility Tests (WCAG 2.1 AA) › Editor Tool page should have accessible links (6.0s)
  ✓   313 [chromium-dark] › tests/accessibility.spec.ts:68:5 › Accessibility Tests (WCAG 2.1 AA) › Journal Index page should have proper heading hierarchy (2.0s)
  ✓   311 [chromium-dark] › tests/accessibility.spec.ts:141:5 › Accessibility Tests (WCAG 2.1 AA) › Masking Tool page should have proper focus indicators (3.3s)
  ✓   314 [chromium-dark] › tests/accessibility.spec.ts:98:5 › Accessibility Tests (WCAG 2.1 AA) › Journal Index page should have accessible images (2.1s)
  ✓   312 [chromium-dark] › tests/accessibility.spec.ts:53:5 › Accessibility Tests (WCAG 2.1 AA) › Journal Index page should have no accessibility violations (3.3s)
  ✓   310 [chromium-dark] › tests/accessibility.spec.ts:121:5 › Accessibility Tests (WCAG 2.1 AA) › Masking Tool page should have accessible links (4.9s)
  ✓   316 [chromium-dark] › tests/accessibility.spec.ts:141:5 › Accessibility Tests (WCAG 2.1 AA) › Journal Index page should have proper focus indicators (3.1s)
  ✓   320 [chromium-dark] › tests/accessibility.spec.ts:198:5 › Dark Mode Accessibility › Contact page should maintain color contrast in dark mode (2.7s)
  ✓   315 [chromium-dark] › tests/accessibility.spec.ts:121:5 › Accessibility Tests (WCAG 2.1 AA) › Journal Index page should have accessible links (4.6s)
  ✓   317 [chromium-dark] › tests/accessibility.spec.ts:183:5 › Dark Mode Accessibility › Home page should have no accessibility violations in dark mode (3.8s)
  ✓   318 [chromium-dark] › tests/accessibility.spec.ts:198:5 › Dark Mode Accessibility › Home page should maintain color contrast in dark mode (2.8s)
  ✓   319 [chromium-dark] › tests/accessibility.spec.ts:183:5 › Dark Mode Accessibility › Contact page should have no accessibility violations in dark mode (3.5s)
  ✓   322 [chromium-dark] › tests/accessibility.spec.ts:198:5 › Dark Mode Accessibility › Gallery page should maintain color contrast in dark mode (3.1s)
  ✓   321 [chromium-dark] › tests/accessibility.spec.ts:183:5 › Dark Mode Accessibility › Gallery page should have no accessibility violations in dark mode (4.4s)
  ✓   326 [chromium-dark] › tests/accessibility.spec.ts:198:5 › Dark Mode Accessibility › Terms of Service page should maintain color contrast in dark mode (2.8s)
  ✓   323 [chromium-dark] › tests/accessibility.spec.ts:183:5 › Dark Mode Accessibility › Privacy Policy page should have no accessibility violations in dark mode (4.0s)
  ✓   324 [chromium-dark] › tests/accessibility.spec.ts:198:5 › Dark Mode Accessibility › Privacy Policy page should maintain color contrast in dark mode (3.0s)
  ✓   327 [chromium-dark] › tests/accessibility.spec.ts:183:5 › Dark Mode Accessibility › Tools Index page should have no accessibility violations in dark mode (3.0s)
  ✓   325 [chromium-dark] › tests/accessibility.spec.ts:183:5 › Dark Mode Accessibility › Terms of Service page should have no accessibility violations in dark mode (3.2s)
  ✓   328 [chromium-dark] › tests/accessibility.spec.ts:198:5 › Dark Mode Accessibility › Tools Index page should maintain color contrast in dark mode (2.6s)
  ✓   330 [chromium-dark] › tests/accessibility.spec.ts:198:5 › Dark Mode Accessibility › Background Tool page should maintain color contrast in dark mode (3.7s)
  ✓   329 [chromium-dark] › tests/accessibility.spec.ts:183:5 › Dark Mode Accessibility › Background Tool page should have no accessibility violations in dark mode (4.7s)
  ✓   334 [chromium-dark] › tests/accessibility.spec.ts:198:5 › Dark Mode Accessibility › Dither Tool page should maintain color contrast in dark mode (3.5s)
  ✓   332 [chromium-dark] › tests/accessibility.spec.ts:198:5 › Dark Mode Accessibility › Contour Tool page should maintain color contrast in dark mode (3.6s)
  ✓   336 [chromium-dark] › tests/accessibility.spec.ts:198:5 › Dark Mode Accessibility › Editor Tool page should maintain color contrast in dark mode (3.4s)
  ✓   331 [chromium-dark] › tests/accessibility.spec.ts:183:5 › Dark Mode Accessibility › Contour Tool page should have no accessibility violations in dark mode (4.1s)
  ✓   333 [chromium-dark] › tests/accessibility.spec.ts:183:5 › Dark Mode Accessibility › Dither Tool page should have no accessibility violations in dark mode (3.8s)
  ✓   335 [chromium-dark] › tests/accessibility.spec.ts:183:5 › Dark Mode Accessibility › Editor Tool page should have no accessibility violations in dark mode (3.8s)
  ✓   344 [chromium-dark] › tests/accessibility.spec.ts:299:3 › Form Accessibility › contact form should have proper labels (2.4s)
  ✓   341 [chromium-dark] › tests/accessibility.spec.ts:222:3 › Keyboard Navigation › should handle focus management correctly (2.6s)
  ✓   343 [chromium-dark] › tests/accessibility.spec.ts:274:3 › Keyboard Navigation › should handle mobile menu focus correctly (2.5s)
  ✓   338 [chromium-dark] › tests/accessibility.spec.ts:198:5 › Dark Mode Accessibility › Masking Tool page should maintain color contrast in dark mode (3.1s)
  ✓   340 [chromium-dark] › tests/accessibility.spec.ts:198:5 › Dark Mode Accessibility › Journal Index page should maintain color contrast in dark mode (3.2s)
  ✓   342 [chromium-dark] › tests/accessibility.spec.ts:246:3 › Keyboard Navigation › should be able to navigate the site using only keyboard (2.9s)
  ✓   337 [chromium-dark] › tests/accessibility.spec.ts:183:5 › Dark Mode Accessibility › Masking Tool page should have no accessibility violations in dark mode (3.8s)
  ✓   339 [chromium-dark] › tests/accessibility.spec.ts:183:5 › Dark Mode Accessibility › Journal Index page should have no accessibility violations in dark mode (3.5s)
  ✓   345 [chromium-dark] › tests/accessibility.spec.ts:325:3 › Form Accessibility › contact form should show validation errors accessibly (2.1s)
  ✓   349 [chromium-dark] › tests/accessibility.spec.ts:352:5 › ARIA Landmarks › Privacy Policy page should have proper ARIA landmarks (1.9s)
  ✓   347 [chromium-dark] › tests/accessibility.spec.ts:352:5 › ARIA Landmarks › Contact page should have proper ARIA landmarks (2.2s)
  ✓   346 [chromium-dark] › tests/accessibility.spec.ts:352:5 › ARIA Landmarks › Home page should have proper ARIA landmarks (2.3s)
  ✓   348 [chromium-dark] › tests/accessibility.spec.ts:352:5 › ARIA Landmarks › Gallery page should have proper ARIA landmarks (2.3s)
  ✓   350 [chromium-dark] › tests/accessibility.spec.ts:352:5 › ARIA Landmarks › Terms of Service page should have proper ARIA landmarks (2.2s)
  ✓   351 [chromium-dark] › tests/accessibility.spec.ts:352:5 › ARIA Landmarks › Tools Index page should have proper ARIA landmarks (2.0s)
  ✓   352 [chromium-dark] › tests/accessibility.spec.ts:352:5 › ARIA Landmarks › Background Tool page should have proper ARIA landmarks (2.4s)
  ✓   353 [chromium-dark] › tests/accessibility.spec.ts:352:5 › ARIA Landmarks › Contour Tool page should have proper ARIA landmarks (1.7s)
  ✓   357 [chromium-dark] › tests/accessibility.spec.ts:352:5 › ARIA Landmarks › Journal Index page should have proper ARIA landmarks (1.5s)
  ✓   354 [chromium-dark] › tests/accessibility.spec.ts:352:5 › ARIA Landmarks › Dither Tool page should have proper ARIA landmarks (2.4s)
  ✓   355 [chromium-dark] › tests/accessibility.spec.ts:352:5 › ARIA Landmarks › Editor Tool page should have proper ARIA landmarks (2.6s)
  ✓   356 [chromium-dark] › tests/accessibility.spec.ts:352:5 › ARIA Landmarks › Masking Tool page should have proper ARIA landmarks (2.6s)
  ✓   360 [chromium-dark] › tests/performance.spec.ts:49:5 › Performance Tests › Home page should load within acceptable time (1.8s)
  ✓   362 [chromium-dark] › tests/performance.spec.ts:90:5 › Performance Tests › Home page should have proper resource hints (1.0s)
  ✓   358 [chromium-dark] › tests/accessibility.spec.ts:378:3 › Mobile Accessibility › should be accessible on mobile devices (3.0s)
  ✓   364 [chromium-dark] › tests/performance.spec.ts:90:5 › Performance Tests › Contact page should have proper resource hints (792ms)
  ✓   359 [chromium-dark] › tests/accessibility.spec.ts:392:3 › Mobile Accessibility › should have touch-friendly targets on mobile (3.2s)
  ✓   363 [chromium-dark] › tests/performance.spec.ts:127:5 › Performance Tests › Home page should not have excessive DOM size (2.2s)
  ✓   367 [chromium-dark] › tests/performance.spec.ts:127:5 › Performance Tests › Contact page should not have excessive DOM size (2.6s)
  ✓   365 [chromium-dark] › tests/performance.spec.ts:49:5 › Performance Tests › Contact page should load within acceptable time (2.7s)
  ✓   366 [chromium-dark] › tests/performance.spec.ts:61:5 › Performance Tests › Contact page should have optimized images (2.7s)
  ✓   361 [chromium-dark] › tests/performance.spec.ts:61:5 › Performance Tests › Home page should have optimized images (3.8s)
  ✓   370 [chromium-dark] › tests/performance.spec.ts:90:5 › Performance Tests › Gallery page should have proper resource hints (2.3s)
  ✓   368 [chromium-dark] › tests/performance.spec.ts:49:5 › Performance Tests › Gallery page should load within acceptable time (2.8s)
  ✓   375 [chromium-dark] › tests/performance.spec.ts:90:5 › Performance Tests › Privacy Policy page should have proper resource hints (810ms)
  ✓   369 [chromium-dark] › tests/performance.spec.ts:61:5 › Performance Tests › Gallery page should have optimized images (3.0s)
  ✓   371 [chromium-dark] › tests/performance.spec.ts:127:5 › Performance Tests › Gallery page should not have excessive DOM size (2.0s)
  ✓   372 [chromium-dark] › tests/performance.spec.ts:49:5 › Performance Tests › Privacy Policy page should load within acceptable time (1.5s)
  ✓   374 [chromium-dark] › tests/performance.spec.ts:127:5 › Performance Tests › Privacy Policy page should not have excessive DOM size (1.4s)
  ✓   378 [chromium-dark] › tests/performance.spec.ts:90:5 › Performance Tests › Terms of Service page should have proper resource hints (664ms)
  ✓   373 [chromium-dark] › tests/performance.spec.ts:61:5 › Performance Tests › Privacy Policy page should have optimized images (1.7s)
  ✓   382 [chromium-dark] › tests/performance.spec.ts:90:5 › Performance Tests › Tools Index page should have proper resource hints (547ms)
  ✓   376 [chromium-dark] › tests/performance.spec.ts:49:5 › Performance Tests › Terms of Service page should load within acceptable time (1.6s)
  ✓   377 [chromium-dark] › tests/performance.spec.ts:61:5 › Performance Tests › Terms of Service page should have optimized images (1.3s)
  ✓   379 [chromium-dark] › tests/performance.spec.ts:127:5 › Performance Tests › Terms of Service page should not have excessive DOM size (1.7s)
  ✓   380 [chromium-dark] › tests/performance.spec.ts:49:5 › Performance Tests › Tools Index page should load within acceptable time (1.6s)
  ✓   386 [chromium-dark] › tests/performance.spec.ts:90:5 › Performance Tests › Background Tool page should have proper resource hints (825ms)
  ✓   384 [chromium-dark] › tests/performance.spec.ts:49:5 › Performance Tests › Background Tool page should load within acceptable time (1.4s)
  ✓   381 [chromium-dark] › tests/performance.spec.ts:61:5 › Performance Tests › Tools Index page should have optimized images (1.8s)
  ✓   383 [chromium-dark] › tests/performance.spec.ts:127:5 › Performance Tests › Tools Index page should not have excessive DOM size (2.0s)
  ✓   390 [chromium-dark] › tests/performance.spec.ts:90:5 › Performance Tests › Contour Tool page should have proper resource hints (1.0s)
  ✓   385 [chromium-dark] › tests/performance.spec.ts:61:5 › Performance Tests › Background Tool page should have optimized images (2.0s)
  ✓   387 [chromium-dark] › tests/performance.spec.ts:127:5 › Performance Tests › Background Tool page should not have excessive DOM size (2.2s)
  ✓   395 [chromium-dark] › tests/performance.spec.ts:90:5 › Performance Tests › Dither Tool page should have proper resource hints (1.3s)
  ✓   388 [chromium-dark] › tests/performance.spec.ts:49:5 › Performance Tests › Contour Tool page should load within acceptable time (3.1s)
  ✓   389 [chromium-dark] › tests/performance.spec.ts:61:5 › Performance Tests › Contour Tool page should have optimized images (3.1s)
  ✓   393 [chromium-dark] › tests/performance.spec.ts:61:5 › Performance Tests › Dither Tool page should have optimized images (2.9s)
  ✓   394 [chromium-dark] › tests/performance.spec.ts:127:5 › Performance Tests › Dither Tool page should not have excessive DOM size (2.5s)
  ✓   391 [chromium-dark] › tests/performance.spec.ts:127:5 › Performance Tests › Contour Tool page should not have excessive DOM size (3.4s)
  ✓   396 [chromium-dark] › tests/performance.spec.ts:49:5 › Performance Tests › Editor Tool page should load within acceptable time (2.4s)
  ✓   392 [chromium-dark] › tests/performance.spec.ts:49:5 › Performance Tests › Dither Tool page should load within acceptable time (3.6s)
  ✓   398 [chromium-dark] › tests/performance.spec.ts:90:5 › Performance Tests › Editor Tool page should have proper resource hints (1.0s)
  ✓   397 [chromium-dark] › tests/performance.spec.ts:61:5 › Performance Tests › Editor Tool page should have optimized images (1.7s)
  ✓   402 [chromium-dark] › tests/performance.spec.ts:90:5 › Performance Tests › Masking Tool page should have proper resource hints (1.4s)
  ✓   399 [chromium-dark] › tests/performance.spec.ts:127:5 › Performance Tests › Editor Tool page should not have excessive DOM size (2.5s)
  ✓   406 [chromium-dark] › tests/performance.spec.ts:90:5 › Performance Tests › Journal Index page should have proper resource hints (1.5s)
  ✓   404 [chromium-dark] › tests/performance.spec.ts:49:5 › Performance Tests › Journal Index page should load within acceptable time (2.0s)
  ✓   400 [chromium-dark] › tests/performance.spec.ts:49:5 › Performance Tests › Masking Tool page should load within acceptable time (2.4s)
  ✓   405 [chromium-dark] › tests/performance.spec.ts:61:5 › Performance Tests › Journal Index page should have optimized images (2.1s)
  ✓   401 [chromium-dark] › tests/performance.spec.ts:61:5 › Performance Tests › Masking Tool page should have optimized images (2.8s)
  ✓   403 [chromium-dark] › tests/performance.spec.ts:127:5 › Performance Tests › Masking Tool page should not have excessive DOM size (2.7s)
  ✓   408 [chromium-dark] › tests/performance.spec.ts:163:3 › Core Web Vitals › Home page should meet LCP threshold (1.2s)
  ✓   410 [chromium-dark] › tests/performance.spec.ts:215:3 › Core Web Vitals › Home page should meet FCP threshold (971ms)
  ✓   414 [chromium-dark] › tests/performance.spec.ts:304:3 › Resource Loading › should use text compression (408ms)
  ✓   411 [chromium-dark] › tests/performance.spec.ts:240:3 › Core Web Vitals › Home page should have reasonable TTFB (1.0s)
  ✓   412 [chromium-dark] › tests/performance.spec.ts:256:3 › Resource Loading › should not have render-blocking resources (1.0s)
  ✓   407 [chromium-dark] › tests/performance.spec.ts:127:5 › Performance Tests › Journal Index page should not have excessive DOM size (2.1s)
  ✓   413 [chromium-dark] › tests/performance.spec.ts:281:3 › Resource Loading › should have efficient CSS loading (915ms)
  ✓   419 [chromium-dark] › tests/seo.spec.ts:84:5 › SEO Meta Tags › Home page should have proper title (1.3s)
  ✓   420 [chromium-dark] › tests/seo.spec.ts:104:5 › SEO Meta Tags › Home page should have meta description (1.4s)
  ✓   421 [chromium-dark] › tests/seo.spec.ts:116:5 › SEO Meta Tags › Home page should have canonical URL (1.3s)
  ✓   415 [chromium-dark] › tests/performance.spec.ts:323:3 › Mobile Performance › should perform well on mobile (2.2s)
  ✓   417 [chromium-dark] › tests/performance.spec.ts:358:3 › Network Performance › should not have excessive resource requests (2.2s)
  ✓   418 [chromium-dark] › tests/performance.spec.ts:386:3 › Network Performance › should have reasonable total resource size (2.1s)
  ✓   416 [chromium-dark] › tests/performance.spec.ts:333:3 › Mobile Performance › should have mobile-optimized images (2.3s)
  ✓   422 [chromium-dark] › tests/seo.spec.ts:127:5 › SEO Meta Tags › Home page should have Open Graph tags (1.2s)
  ✓   423 [chromium-dark] › tests/seo.spec.ts:155:5 › SEO Meta Tags › Home page should have Twitter Card tags (1.5s)
  ✓   424 [chromium-dark] › tests/seo.spec.ts:181:5 › SEO Meta Tags › Home page should have proper lang attribute (1.4s)
  ✓   426 [chromium-dark] › tests/seo.spec.ts:84:5 › SEO Meta Tags › Contact page should have proper title (1.1s)
  ✓   425 [chromium-dark] › tests/seo.spec.ts:190:7 › SEO Meta Tags › Home page should have valid Schema.org data (1.3s)
  ✓   428 [chromium-dark] › tests/seo.spec.ts:116:5 › SEO Meta Tags › Contact page should have canonical URL (1.2s)
  ✓   429 [chromium-dark] › tests/seo.spec.ts:127:5 › SEO Meta Tags › Contact page should have Open Graph tags (837ms)
  ✓   427 [chromium-dark] › tests/seo.spec.ts:104:5 › SEO Meta Tags › Contact page should have meta description (1.4s)
  ✓   430 [chromium-dark] › tests/seo.spec.ts:155:5 › SEO Meta Tags › Contact page should have Twitter Card tags (789ms)
  ✓   431 [chromium-dark] › tests/seo.spec.ts:181:5 › SEO Meta Tags › Contact page should have proper lang attribute (776ms)
  ✓   432 [chromium-dark] › tests/seo.spec.ts:190:7 › SEO Meta Tags › Contact page should have valid Schema.org data (708ms)
  ✓   409 [chromium-dark] › tests/performance.spec.ts:188:3 › Core Web Vitals › Home page should meet CLS threshold (5.8s)
  ✓   434 [chromium-dark] › tests/seo.spec.ts:104:5 › SEO Meta Tags › Gallery page should have meta description (1.8s)
  ✓   433 [chromium-dark] › tests/seo.spec.ts:84:5 › SEO Meta Tags › Gallery page should have proper title (2.3s)
  ✓   436 [chromium-dark] › tests/seo.spec.ts:127:5 › SEO Meta Tags › Gallery page should have Open Graph tags (2.3s)
  ✓   435 [chromium-dark] › tests/seo.spec.ts:116:5 › SEO Meta Tags › Gallery page should have canonical URL (2.5s)
  ✓   438 [chromium-dark] › tests/seo.spec.ts:181:5 › SEO Meta Tags › Gallery page should have proper lang attribute (2.4s)
  ✓   439 [chromium-dark] › tests/seo.spec.ts:190:7 › SEO Meta Tags › Gallery page should have valid Schema.org data (2.4s)
  ✓   437 [chromium-dark] › tests/seo.spec.ts:155:5 › SEO Meta Tags › Gallery page should have Twitter Card tags (2.7s)
  ✓   442 [chromium-dark] › tests/seo.spec.ts:116:5 › SEO Meta Tags › Privacy Policy page should have canonical URL (1.5s)
  ✓   441 [chromium-dark] › tests/seo.spec.ts:104:5 › SEO Meta Tags › Privacy Policy page should have meta description (1.9s)
  ✓   440 [chromium-dark] › tests/seo.spec.ts:84:5 › SEO Meta Tags › Privacy Policy page should have proper title (2.5s)
  ✓   443 [chromium-dark] › tests/seo.spec.ts:127:5 › SEO Meta Tags › Privacy Policy page should have Open Graph tags (1.6s)
  ✓   444 [chromium-dark] › tests/seo.spec.ts:155:5 › SEO Meta Tags › Privacy Policy page should have Twitter Card tags (1.7s)
  ✓   446 [chromium-dark] › tests/seo.spec.ts:190:7 › SEO Meta Tags › Privacy Policy page should have valid Schema.org data (1.5s)
  ✓   445 [chromium-dark] › tests/seo.spec.ts:181:5 › SEO Meta Tags › Privacy Policy page should have proper lang attribute (1.7s)
  ✓   447 [chromium-dark] › tests/seo.spec.ts:84:5 › SEO Meta Tags › Terms of Service page should have proper title (1.7s)
  ✓   450 [chromium-dark] › tests/seo.spec.ts:127:5 › SEO Meta Tags › Terms of Service page should have Open Graph tags (1.3s)
  ✓   448 [chromium-dark] › tests/seo.spec.ts:104:5 › SEO Meta Tags › Terms of Service page should have meta description (1.4s)
  ✓   449 [chromium-dark] › tests/seo.spec.ts:116:5 › SEO Meta Tags › Terms of Service page should have canonical URL (1.4s)
  ✓   454 [chromium-dark] › tests/seo.spec.ts:84:5 › SEO Meta Tags › Tools Index page should have proper title (987ms)
  ✓   452 [chromium-dark] › tests/seo.spec.ts:181:5 › SEO Meta Tags › Terms of Service page should have proper lang attribute (1.2s)
  ✓   451 [chromium-dark] › tests/seo.spec.ts:155:5 › SEO Meta Tags › Terms of Service page should have Twitter Card tags (1.4s)
  ✓   453 [chromium-dark] › tests/seo.spec.ts:190:7 › SEO Meta Tags › Terms of Service page should have valid Schema.org data (1.1s)
  ✓   455 [chromium-dark] › tests/seo.spec.ts:104:5 › SEO Meta Tags › Tools Index page should have meta description (1.1s)
  ✓   456 [chromium-dark] › tests/seo.spec.ts:116:5 › SEO Meta Tags › Tools Index page should have canonical URL (1.6s)
  ✓   457 [chromium-dark] › tests/seo.spec.ts:155:5 › SEO Meta Tags › Tools Index page should have Twitter Card tags (1.6s)
  ✓   458 [chromium-dark] › tests/seo.spec.ts:127:5 › SEO Meta Tags › Tools Index page should have Open Graph tags (1.7s)
  ✓   460 [chromium-dark] › tests/seo.spec.ts:190:7 › SEO Meta Tags › Tools Index page should have valid Schema.org data (1.7s)
  ✓   459 [chromium-dark] › tests/seo.spec.ts:181:5 › SEO Meta Tags › Tools Index page should have proper lang attribute (1.8s)
  ✓   462 [chromium-dark] › tests/seo.spec.ts:84:5 › SEO Meta Tags › Background Tool page should have proper title (1.9s)
  ✓   461 [chromium-dark] › tests/seo.spec.ts:104:5 › SEO Meta Tags › Background Tool page should have meta description (1.9s)
  ✓   463 [chromium-dark] › tests/seo.spec.ts:116:5 › SEO Meta Tags › Background Tool page should have canonical URL (2.2s)
  ✓   466 [chromium-dark] › tests/seo.spec.ts:181:5 › SEO Meta Tags › Background Tool page should have proper lang attribute (1.4s)
  ✓   464 [chromium-dark] › tests/seo.spec.ts:127:5 › SEO Meta Tags › Background Tool page should have Open Graph tags (1.5s)
  ✓   465 [chromium-dark] › tests/seo.spec.ts:155:5 › SEO Meta Tags › Background Tool page should have Twitter Card tags (2.3s)
  ✓   469 [chromium-dark] › tests/seo.spec.ts:104:5 › SEO Meta Tags › Contour Tool page should have meta description (1.5s)
  ✓   467 [chromium-dark] › tests/seo.spec.ts:190:7 › SEO Meta Tags › Background Tool page should have valid Schema.org data (1.7s)
  ✓   468 [chromium-dark] › tests/seo.spec.ts:84:5 › SEO Meta Tags › Contour Tool page should have proper title (1.7s)
  ✓   470 [chromium-dark] › tests/seo.spec.ts:116:5 › SEO Meta Tags › Contour Tool page should have canonical URL (1.8s)
  ✓   473 [chromium-dark] › tests/seo.spec.ts:181:5 › SEO Meta Tags › Contour Tool page should have proper lang attribute (1.4s)
  ✓   471 [chromium-dark] › tests/seo.spec.ts:127:5 › SEO Meta Tags › Contour Tool page should have Open Graph tags (1.8s)
  ✓   472 [chromium-dark] › tests/seo.spec.ts:155:5 › SEO Meta Tags › Contour Tool page should have Twitter Card tags (1.9s)
  ✓   474 [chromium-dark] › tests/seo.spec.ts:190:7 › SEO Meta Tags › Contour Tool page should have valid Schema.org data (1.5s)
  ✓   475 [chromium-dark] › tests/seo.spec.ts:84:5 › SEO Meta Tags › Dither Tool page should have proper title (1.5s)
  ✓   476 [chromium-dark] › tests/seo.spec.ts:104:5 › SEO Meta Tags › Dither Tool page should have meta description (1.5s)
  ✓   477 [chromium-dark] › tests/seo.spec.ts:116:5 › SEO Meta Tags › Dither Tool page should have canonical URL (1.8s)
  ✓   478 [chromium-dark] › tests/seo.spec.ts:127:5 › SEO Meta Tags › Dither Tool page should have Open Graph tags (1.7s)
  ✓   479 [chromium-dark] › tests/seo.spec.ts:155:5 › SEO Meta Tags › Dither Tool page should have Twitter Card tags (1.7s)
  ✓   481 [chromium-dark] › tests/seo.spec.ts:190:7 › SEO Meta Tags › Dither Tool page should have valid Schema.org data (1.3s)
  ✓   484 [chromium-dark] › tests/seo.spec.ts:116:5 › SEO Meta Tags › Editor Tool page should have canonical URL (1.2s)
  ✓   480 [chromium-dark] › tests/seo.spec.ts:181:5 › SEO Meta Tags › Dither Tool page should have proper lang attribute (1.8s)
  ✓   482 [chromium-dark] › tests/seo.spec.ts:84:5 › SEO Meta Tags › Editor Tool page should have proper title (1.4s)
  ✓   483 [chromium-dark] › tests/seo.spec.ts:104:5 › SEO Meta Tags › Editor Tool page should have meta description (1.3s)
  ✓   486 [chromium-dark] › tests/seo.spec.ts:155:5 › SEO Meta Tags › Editor Tool page should have Twitter Card tags (800ms)
  ✓   487 [chromium-dark] › tests/seo.spec.ts:181:5 › SEO Meta Tags › Editor Tool page should have proper lang attribute (795ms)
  ✓   485 [chromium-dark] › tests/seo.spec.ts:127:5 › SEO Meta Tags › Editor Tool page should have Open Graph tags (1.3s)
  ✓   489 [chromium-dark] › tests/seo.spec.ts:84:5 › SEO Meta Tags › Masking Tool page should have proper title (834ms)
  ✓   490 [chromium-dark] › tests/seo.spec.ts:104:5 › SEO Meta Tags › Masking Tool page should have meta description (804ms)
  ✓   488 [chromium-dark] › tests/seo.spec.ts:190:7 › SEO Meta Tags › Editor Tool page should have valid Schema.org data (1.2s)
  ✓   491 [chromium-dark] › tests/seo.spec.ts:116:5 › SEO Meta Tags › Masking Tool page should have canonical URL (970ms)
  ✓   492 [chromium-dark] › tests/seo.spec.ts:127:5 › SEO Meta Tags › Masking Tool page should have Open Graph tags (1.1s)
  ✓   493 [chromium-dark] › tests/seo.spec.ts:155:5 › SEO Meta Tags › Masking Tool page should have Twitter Card tags (966ms)
  ✓   494 [chromium-dark] › tests/seo.spec.ts:181:5 › SEO Meta Tags › Masking Tool page should have proper lang attribute (1.0s)
  ✓   495 [chromium-dark] › tests/seo.spec.ts:190:7 › SEO Meta Tags › Masking Tool page should have valid Schema.org data (1.0s)
  ✓   497 [chromium-dark] › tests/seo.spec.ts:104:5 › SEO Meta Tags › Journal Index page should have meta description (978ms)
  ✓   496 [chromium-dark] › tests/seo.spec.ts:84:5 › SEO Meta Tags › Journal Index page should have proper title (1.0s)
  ✓   501 [chromium-dark] › tests/seo.spec.ts:181:5 › SEO Meta Tags › Journal Index page should have proper lang attribute (442ms)
  ✓   498 [chromium-dark] › tests/seo.spec.ts:116:5 › SEO Meta Tags › Journal Index page should have canonical URL (995ms)
  ✓   502 [chromium-dark] › tests/seo.spec.ts:190:7 › SEO Meta Tags › Journal Index page should have valid Schema.org data (968ms)
  ✓   499 [chromium-dark] › tests/seo.spec.ts:127:5 › SEO Meta Tags › Journal Index page should have Open Graph tags (1.3s)
  ✓   500 [chromium-dark] › tests/seo.spec.ts:155:5 › SEO Meta Tags › Journal Index page should have Twitter Card tags (1.2s)
  ✓   503 [chromium-dark] › tests/seo.spec.ts:218:3 › SEO Structure › should have sitemap.xml (771ms)
  ✓   504 [chromium-dark] › tests/seo.spec.ts:229:3 › SEO Structure › should have robots.txt (891ms)
  ✓   506 [chromium-dark] › tests/seo.spec.ts:236:3 › SEO Structure › should have proper heading structure on home page (1.2s)
  ✓   508 [chromium-dark] › tests/seo.spec.ts:293:3 › Mobile SEO › should have viewport meta tag (962ms)
  ✓   509 [chromium-dark] › tests/seo.spec.ts:301:3 › Mobile SEO › should be mobile-friendly (996ms)
  ✓   511 [chromium-dark] › tests/seo.spec.ts:349:3 › Performance SEO › should have preconnect to external domains (1.2s)
  ✓   512 [chromium-dark] › tests/seo.spec.ts:365:3 › Performance SEO › should have optimized images (1.1s)
  ✓   507 [chromium-dark] › tests/seo.spec.ts:275:3 › SEO Structure › images should have alt text (2.0s)
  ✓   505 [chromium-dark] › tests/seo.spec.ts:250:3 › SEO Structure › links should have descriptive text (2.2s)
  ✓   510 [chromium-dark] › tests/seo.spec.ts:318:3 › Mobile SEO › should have touch-friendly tap targets (2.5s)
  ✓   518 [firefox] › tests/accessibility.spec.ts:68:5 › Accessibility Tests (WCAG 2.1 AA) › Contact page should have proper heading hierarchy (5.5s)
  ✓   513 [firefox] › tests/accessibility.spec.ts:68:5 › Accessibility Tests (WCAG 2.1 AA) › Home page should have proper heading hierarchy (6.3s)
  ✓   515 [firefox] › tests/accessibility.spec.ts:53:5 › Accessibility Tests (WCAG 2.1 AA) › Home page should have no accessibility violations (8.3s)
  ✓   520 [firefox] › tests/accessibility.spec.ts:98:5 › Accessibility Tests (WCAG 2.1 AA) › Contact page should have accessible images (7.0s)
  ✓   522 [firefox] › tests/accessibility.spec.ts:141:5 › Accessibility Tests (WCAG 2.1 AA) › Contact page should have proper focus indicators (5.2s)
  ✓   521 [firefox] › tests/accessibility.spec.ts:121:5 › Accessibility Tests (WCAG 2.1 AA) › Contact page should have accessible links (10.7s)
  ✓   524 [firefox] › tests/accessibility.spec.ts:68:5 › Accessibility Tests (WCAG 2.1 AA) › Gallery page should have proper heading hierarchy (8.2s)
  ✓   517 [firefox] › tests/accessibility.spec.ts:141:5 › Accessibility Tests (WCAG 2.1 AA) › Home page should have proper focus indicators (12.5s)
  ✓   514 [firefox] › tests/accessibility.spec.ts:98:5 › Accessibility Tests (WCAG 2.1 AA) › Home page should have accessible images (12.5s)
  ✓   516 [firefox] › tests/accessibility.spec.ts:121:5 › Accessibility Tests (WCAG 2.1 AA) › Home page should have accessible links (17.8s)
  ✓   519 [firefox] › tests/accessibility.spec.ts:53:5 › Accessibility Tests (WCAG 2.1 AA) › Contact page should have no accessibility violations (15.9s)
  ✓   523 [firefox] › tests/accessibility.spec.ts:53:5 › Accessibility Tests (WCAG 2.1 AA) › Gallery page should have no accessibility violations (13.9s)
  ✓   525 [firefox] › tests/accessibility.spec.ts:98:5 › Accessibility Tests (WCAG 2.1 AA) › Gallery page should have accessible images (11.0s)
  ✓   529 [firefox] › tests/accessibility.spec.ts:68:5 › Accessibility Tests (WCAG 2.1 AA) › Privacy Policy page should have proper heading hierarchy (7.1s)
  ✓   526 [firefox] › tests/accessibility.spec.ts:121:5 › Accessibility Tests (WCAG 2.1 AA) › Gallery page should have accessible links (8.3s)
  ✓   530 [firefox] › tests/accessibility.spec.ts:98:5 › Accessibility Tests (WCAG 2.1 AA) › Privacy Policy page should have accessible images (4.9s)
  ✓   527 [firefox] › tests/accessibility.spec.ts:141:5 › Accessibility Tests (WCAG 2.1 AA) › Gallery page should have proper focus indicators (9.5s)
  ✓   532 [firefox] › tests/accessibility.spec.ts:141:5 › Accessibility Tests (WCAG 2.1 AA) › Privacy Policy page should have proper focus indicators (8.3s)
  ✓   534 [firefox] › tests/accessibility.spec.ts:68:5 › Accessibility Tests (WCAG 2.1 AA) › Terms of Service page should have proper heading hierarchy (5.1s)
  ✓   535 [firefox] › tests/accessibility.spec.ts:98:5 › Accessibility Tests (WCAG 2.1 AA) › Terms of Service page should have accessible images (5.5s)
  ✓   531 [firefox] › tests/accessibility.spec.ts:121:5 › Accessibility Tests (WCAG 2.1 AA) › Privacy Policy page should have accessible links (10.9s)
  ✓   528 [firefox] › tests/accessibility.spec.ts:53:5 › Accessibility Tests (WCAG 2.1 AA) › Privacy Policy page should have no accessibility violations (14.9s)
  ✓   539 [firefox] › tests/accessibility.spec.ts:68:5 › Accessibility Tests (WCAG 2.1 AA) › Tools Index page should have proper heading hierarchy (3.5s)
  ✓   537 [firefox] › tests/accessibility.spec.ts:141:5 › Accessibility Tests (WCAG 2.1 AA) › Terms of Service page should have proper focus indicators (7.2s)
  ✓   540 [firefox] › tests/accessibility.spec.ts:98:5 › Accessibility Tests (WCAG 2.1 AA) › Tools Index page should have accessible images (3.4s)
  ✓   536 [firefox] › tests/accessibility.spec.ts:121:5 › Accessibility Tests (WCAG 2.1 AA) › Terms of Service page should have accessible links (8.4s)
  ✓   533 [firefox] › tests/accessibility.spec.ts:53:5 › Accessibility Tests (WCAG 2.1 AA) › Terms of Service page should have no accessibility violations (11.6s)
  ✓   545 [firefox] › tests/accessibility.spec.ts:98:5 › Accessibility Tests (WCAG 2.1 AA) › Background Tool page should have accessible images (5.4s)
  ✓   542 [firefox] › tests/accessibility.spec.ts:141:5 › Accessibility Tests (WCAG 2.1 AA) › Tools Index page should have proper focus indicators (7.0s)
  ✓   544 [firefox] › tests/accessibility.spec.ts:68:5 › Accessibility Tests (WCAG 2.1 AA) › Background Tool page should have proper heading hierarchy (6.4s)
  ✓   538 [firefox] › tests/accessibility.spec.ts:53:5 › Accessibility Tests (WCAG 2.1 AA) › Tools Index page should have no accessibility violations (10.3s)
  ✓   541 [firefox] › tests/accessibility.spec.ts:121:5 › Accessibility Tests (WCAG 2.1 AA) › Tools Index page should have accessible links (8.2s)
  ✓   547 [firefox] › tests/accessibility.spec.ts:141:5 › Accessibility Tests (WCAG 2.1 AA) › Background Tool page should have proper focus indicators (9.4s)
  ✓   546 [firefox] › tests/accessibility.spec.ts:121:5 › Accessibility Tests (WCAG 2.1 AA) › Background Tool page should have accessible links (10.5s)
  ✓   549 [firefox] › tests/accessibility.spec.ts:68:5 › Accessibility Tests (WCAG 2.1 AA) › Contour Tool page should have proper heading hierarchy (6.5s)
  ✓   543 [firefox] › tests/accessibility.spec.ts:53:5 › Accessibility Tests (WCAG 2.1 AA) › Background Tool page should have no accessibility violations (13.4s)
  ✓   550 [firefox] › tests/accessibility.spec.ts:98:5 › Accessibility Tests (WCAG 2.1 AA) › Contour Tool page should have accessible images (7.2s)
  ✓   552 [firefox] › tests/accessibility.spec.ts:141:5 › Accessibility Tests (WCAG 2.1 AA) › Contour Tool page should have proper focus indicators (9.6s)
  ✓   554 [firefox] › tests/accessibility.spec.ts:68:5 › Accessibility Tests (WCAG 2.1 AA) › Dither Tool page should have proper heading hierarchy (7.1s)
  ✓   548 [firefox] › tests/accessibility.spec.ts:53:5 › Accessibility Tests (WCAG 2.1 AA) › Contour Tool page should have no accessibility violations (12.9s)
  ✓   555 [firefox] › tests/accessibility.spec.ts:98:5 › Accessibility Tests (WCAG 2.1 AA) › Dither Tool page should have accessible images (6.0s)
  ✓   551 [firefox] › tests/accessibility.spec.ts:121:5 › Accessibility Tests (WCAG 2.1 AA) › Contour Tool page should have accessible links (13.1s)
  ✓   557 [firefox] › tests/accessibility.spec.ts:141:5 › Accessibility Tests (WCAG 2.1 AA) › Dither Tool page should have proper focus indicators (8.6s)
  ✓   553 [firefox] › tests/accessibility.spec.ts:53:5 › Accessibility Tests (WCAG 2.1 AA) › Dither Tool page should have no accessibility violations (12.2s)
  ✓   559 [firefox] › tests/accessibility.spec.ts:68:5 › Accessibility Tests (WCAG 2.1 AA) › Editor Tool page should have proper heading hierarchy (5.4s)
  ✓   556 [firefox] › tests/accessibility.spec.ts:121:5 › Accessibility Tests (WCAG 2.1 AA) › Dither Tool page should have accessible links (10.7s)
  ✓   560 [firefox] › tests/accessibility.spec.ts:98:5 › Accessibility Tests (WCAG 2.1 AA) › Editor Tool page should have accessible images (8.9s)
  ✓   564 [firefox] › tests/accessibility.spec.ts:68:5 › Accessibility Tests (WCAG 2.1 AA) › Masking Tool page should have proper heading hierarchy (8.1s)
  ✓   558 [firefox] › tests/accessibility.spec.ts:53:5 › Accessibility Tests (WCAG 2.1 AA) › Editor Tool page should have no accessibility violations (14.0s)
  ✓   561 [firefox] › tests/accessibility.spec.ts:121:5 › Accessibility Tests (WCAG 2.1 AA) › Editor Tool page should have accessible links (12.8s)
  ✓   562 [firefox] › tests/accessibility.spec.ts:141:5 › Accessibility Tests (WCAG 2.1 AA) › Editor Tool page should have proper focus indicators (12.3s)
  ✓   565 [firefox] › tests/accessibility.spec.ts:98:5 › Accessibility Tests (WCAG 2.1 AA) › Masking Tool page should have accessible images (8.4s)
  ✓   569 [firefox] › tests/accessibility.spec.ts:68:5 › Accessibility Tests (WCAG 2.1 AA) › Journal Index page should have proper heading hierarchy (2.9s)
  ✓   570 [firefox] › tests/accessibility.spec.ts:98:5 › Accessibility Tests (WCAG 2.1 AA) › Journal Index page should have accessible images (4.4s)
  ✓   563 [firefox] › tests/accessibility.spec.ts:53:5 › Accessibility Tests (WCAG 2.1 AA) › Masking Tool page should have no accessibility violations (14.1s)
  ✓   572 [firefox] › tests/accessibility.spec.ts:141:5 › Accessibility Tests (WCAG 2.1 AA) › Journal Index page should have proper focus indicators (6.3s)
  ✓   566 [firefox] › tests/accessibility.spec.ts:121:5 › Accessibility Tests (WCAG 2.1 AA) › Masking Tool page should have accessible links (14.6s)
  ✓   567 [firefox] › tests/accessibility.spec.ts:141:5 › Accessibility Tests (WCAG 2.1 AA) › Masking Tool page should have proper focus indicators (11.4s)
  ✓   571 [firefox] › tests/accessibility.spec.ts:121:5 › Accessibility Tests (WCAG 2.1 AA) › Journal Index page should have accessible links (9.6s)
  ✓   568 [firefox] › tests/accessibility.spec.ts:53:5 › Accessibility Tests (WCAG 2.1 AA) › Journal Index page should have no accessibility violations (13.1s)
  ✓   573 [firefox] › tests/accessibility.spec.ts:183:5 › Dark Mode Accessibility › Home page should have no accessibility violations in dark mode (13.4s)
  ✓   576 [firefox] › tests/accessibility.spec.ts:198:5 › Dark Mode Accessibility › Contact page should maintain color contrast in dark mode (11.6s)
  ✓   574 [firefox] › tests/accessibility.spec.ts:198:5 › Dark Mode Accessibility › Home page should maintain color contrast in dark mode (15.7s)
  ✓   575 [firefox] › tests/accessibility.spec.ts:183:5 › Dark Mode Accessibility › Contact page should have no accessibility violations in dark mode (16.9s)
  ✓   578 [firefox] › tests/accessibility.spec.ts:198:5 › Dark Mode Accessibility › Gallery page should maintain color contrast in dark mode (15.3s)
  ✓   579 [firefox] › tests/accessibility.spec.ts:183:5 › Dark Mode Accessibility › Privacy Policy page should have no accessibility violations in dark mode (14.2s)
  ✓   577 [firefox] › tests/accessibility.spec.ts:183:5 › Dark Mode Accessibility › Gallery page should have no accessibility violations in dark mode (17.0s)
  ✓   580 [firefox] › tests/accessibility.spec.ts:198:5 › Dark Mode Accessibility › Privacy Policy page should maintain color contrast in dark mode (12.6s)
  ✓   581 [firefox] › tests/accessibility.spec.ts:183:5 › Dark Mode Accessibility › Terms of Service page should have no accessibility violations in dark mode (12.9s)
  ✓   584 [firefox] › tests/accessibility.spec.ts:198:5 › Dark Mode Accessibility › Tools Index page should maintain color contrast in dark mode (7.2s)
  ✓   583 [firefox] › tests/accessibility.spec.ts:183:5 › Dark Mode Accessibility › Tools Index page should have no accessibility violations in dark mode (8.6s)
  ✓   582 [firefox] › tests/accessibility.spec.ts:198:5 › Dark Mode Accessibility › Terms of Service page should maintain color contrast in dark mode (10.9s)
  ✓   586 [firefox] › tests/accessibility.spec.ts:198:5 › Dark Mode Accessibility › Background Tool page should maintain color contrast in dark mode (6.8s)
  ✓   585 [firefox] › tests/accessibility.spec.ts:183:5 › Dark Mode Accessibility › Background Tool page should have no accessibility violations in dark mode (8.9s)
  ✓   587 [firefox] › tests/accessibility.spec.ts:183:5 › Dark Mode Accessibility › Contour Tool page should have no accessibility violations in dark mode (8.5s)
  ✓   588 [firefox] › tests/accessibility.spec.ts:198:5 › Dark Mode Accessibility › Contour Tool page should maintain color contrast in dark mode (10.7s)
  ✓   591 [firefox] › tests/accessibility.spec.ts:183:5 › Dark Mode Accessibility › Editor Tool page should have no accessibility violations in dark mode (9.6s)
  ✓   592 [firefox] › tests/accessibility.spec.ts:198:5 › Dark Mode Accessibility › Editor Tool page should maintain color contrast in dark mode (9.2s)
  ✓   590 [firefox] › tests/accessibility.spec.ts:198:5 › Dark Mode Accessibility › Dither Tool page should maintain color contrast in dark mode (10.4s)
  ✓   589 [firefox] › tests/accessibility.spec.ts:183:5 › Dark Mode Accessibility › Dither Tool page should have no accessibility violations in dark mode (11.1s)
  ✓   595 [firefox] › tests/accessibility.spec.ts:183:5 › Dark Mode Accessibility › Journal Index page should have no accessibility violations in dark mode (8.5s)
  ✓   593 [firefox] › tests/accessibility.spec.ts:183:5 › Dark Mode Accessibility › Masking Tool page should have no accessibility violations in dark mode (10.2s)
  ✓   594 [firefox] › tests/accessibility.spec.ts:198:5 › Dark Mode Accessibility › Masking Tool page should maintain color contrast in dark mode (9.6s)
  ✓   597 [firefox] › tests/accessibility.spec.ts:222:3 › Keyboard Navigation › should handle focus management correctly (4.3s)
  ✓   596 [firefox] › tests/accessibility.spec.ts:198:5 › Dark Mode Accessibility › Journal Index page should maintain color contrast in dark mode (8.5s)
  ✓   600 [firefox] › tests/accessibility.spec.ts:299:3 › Form Accessibility › contact form should have proper labels (4.5s)
  ✓   601 [firefox] › tests/accessibility.spec.ts:325:3 › Form Accessibility › contact form should show validation errors accessibly (3.3s)
  ✓   598 [firefox] › tests/accessibility.spec.ts:246:3 › Keyboard Navigation › should be able to navigate the site using only keyboard (6.0s)
  ✓   599 [firefox] › tests/accessibility.spec.ts:274:3 › Keyboard Navigation › should handle mobile menu focus correctly (5.4s)
  ✓   602 [firefox] › tests/accessibility.spec.ts:352:5 › ARIA Landmarks › Home page should have proper ARIA landmarks (4.2s)
  ✓   603 [firefox] › tests/accessibility.spec.ts:352:5 › ARIA Landmarks › Contact page should have proper ARIA landmarks (5.6s)
  ✓   606 [firefox] › tests/accessibility.spec.ts:352:5 › ARIA Landmarks › Terms of Service page should have proper ARIA landmarks (4.4s)
  ✓   607 [firefox] › tests/accessibility.spec.ts:352:5 › ARIA Landmarks › Tools Index page should have proper ARIA landmarks (4.7s)
  ✓   604 [firefox] › tests/accessibility.spec.ts:352:5 › ARIA Landmarks › Gallery page should have proper ARIA landmarks (6.7s)
  ✓   605 [firefox] › tests/accessibility.spec.ts:352:5 › ARIA Landmarks › Privacy Policy page should have proper ARIA landmarks (6.4s)
  ✓   609 [firefox] › tests/accessibility.spec.ts:352:5 › ARIA Landmarks › Contour Tool page should have proper ARIA landmarks (6.3s)
  ✓   613 [firefox] › tests/accessibility.spec.ts:352:5 › ARIA Landmarks › Journal Index page should have proper ARIA landmarks (5.3s)
  ✓   608 [firefox] › tests/accessibility.spec.ts:352:5 › ARIA Landmarks › Background Tool page should have proper ARIA landmarks (9.9s)
  ✓   611 [firefox] › tests/accessibility.spec.ts:352:5 › ARIA Landmarks › Editor Tool page should have proper ARIA landmarks (8.3s)
  ✓   610 [firefox] › tests/accessibility.spec.ts:352:5 › ARIA Landmarks › Dither Tool page should have proper ARIA landmarks (10.7s)
  ✓   616 [firefox] › tests/performance.spec.ts:49:5 › Performance Tests › Home page should load within acceptable time (5.7s)
  ✓   612 [firefox] › tests/accessibility.spec.ts:352:5 › ARIA Landmarks › Masking Tool page should have proper ARIA landmarks (8.7s)
  ✓   618 [firefox] › tests/performance.spec.ts:90:5 › Performance Tests › Home page should have proper resource hints (8.4s)
  ✘   620 [firefox] › tests/performance.spec.ts:49:5 › Performance Tests › Contact page should load within acceptable time (7.8s)
  ✓   619 [firefox] › tests/performance.spec.ts:127:5 › Performance Tests › Home page should not have excessive DOM size (9.1s)
  ✓   614 [firefox] › tests/accessibility.spec.ts:378:3 › Mobile Accessibility › should be accessible on mobile devices (15.4s)
  ✓   621 [firefox] › tests/performance.spec.ts:61:5 › Performance Tests › Contact page should have optimized images (8.6s)
  ✓   615 [firefox] › tests/accessibility.spec.ts:392:3 › Mobile Accessibility › should have touch-friendly targets on mobile (14.9s)
  ✓   622 [firefox] › tests/performance.spec.ts:90:5 › Performance Tests › Contact page should have proper resource hints (7.8s)
  ✓   617 [firefox] › tests/performance.spec.ts:61:5 › Performance Tests › Home page should have optimized images (12.1s)
  ✓   623 [firefox] › tests/performance.spec.ts:127:5 › Performance Tests › Contact page should not have excessive DOM size (4.6s)
  ✓   628 [firefox] › tests/performance.spec.ts:49:5 › Performance Tests › Privacy Policy page should load within acceptable time (2.7s)
  ✓   626 [firefox] › tests/performance.spec.ts:90:5 › Performance Tests › Gallery page should have proper resource hints (2.9s)
  ✓   627 [firefox] › tests/performance.spec.ts:127:5 › Performance Tests › Gallery page should not have excessive DOM size (3.3s)
  ✓   624 [firefox] › tests/performance.spec.ts:49:5 › Performance Tests › Gallery page should load within acceptable time (6.1s)
  ✓   630 [firefox] › tests/performance.spec.ts:90:5 › Performance Tests › Privacy Policy page should have proper resource hints (3.3s)
  ✓   629 [firefox] › tests/performance.spec.ts:61:5 › Performance Tests › Privacy Policy page should have optimized images (5.6s)
  ✓   632 [firefox] › tests/performance.spec.ts:49:5 › Performance Tests › Terms of Service page should load within acceptable time (5.4s)
  ✓   631 [firefox] › tests/performance.spec.ts:127:5 › Performance Tests › Privacy Policy page should not have excessive DOM size (6.0s)
  ✓   633 [firefox] › tests/performance.spec.ts:61:5 › Performance Tests › Terms of Service page should have optimized images (5.7s)
  ✓   625 [firefox] › tests/performance.spec.ts:61:5 › Performance Tests › Gallery page should have optimized images (9.7s)
  ✓   637 [firefox] › tests/performance.spec.ts:49:5 › Performance Tests › Tools Index page should load within acceptable time (2.7s)
  ✓   636 [firefox] › tests/performance.spec.ts:127:5 › Performance Tests › Terms of Service page should not have excessive DOM size (6.1s)
  ✓   635 [firefox] › tests/performance.spec.ts:90:5 › Performance Tests › Terms of Service page should have proper resource hints (6.5s)
  ✓   638 [firefox] › tests/performance.spec.ts:61:5 › Performance Tests › Tools Index page should have optimized images (8.6s)
  ✓   639 [firefox] › tests/performance.spec.ts:90:5 › Performance Tests › Tools Index page should have proper resource hints (8.1s)
  ✓   642 [firefox] › tests/performance.spec.ts:61:5 › Performance Tests › Background Tool page should have optimized images (7.5s)
  ✓   640 [firefox] › tests/performance.spec.ts:127:5 › Performance Tests › Tools Index page should not have excessive DOM size (8.9s)
  ✓   644 [firefox] › tests/performance.spec.ts:127:5 › Performance Tests › Background Tool page should not have excessive DOM size (7.4s)
  ✓   634 [firefox] › tests/performance.spec.ts:49:5 › Performance Tests › Contact page should load within acceptable time (retry #1) (10.7s)
  ✓   643 [firefox] › tests/performance.spec.ts:90:5 › Performance Tests › Background Tool page should have proper resource hints (10.1s)
  ✘   641 [firefox] › tests/performance.spec.ts:49:5 › Performance Tests › Background Tool page should load within acceptable time (10.2s)
  ✓   647 [firefox] › tests/performance.spec.ts:90:5 › Performance Tests › Contour Tool page should have proper resource hints (7.1s)
  ✓   646 [firefox] › tests/performance.spec.ts:61:5 › Performance Tests › Contour Tool page should have optimized images (8.4s)
  ✓   645 [firefox] › tests/performance.spec.ts:49:5 › Performance Tests › Contour Tool page should load within acceptable time (8.9s)
  ✓   648 [firefox] › tests/performance.spec.ts:127:5 › Performance Tests › Contour Tool page should not have excessive DOM size (8.1s)
  ✓   650 [firefox] › tests/performance.spec.ts:61:5 › Performance Tests › Dither Tool page should have optimized images (7.0s)
  ✓   649 [firefox] › tests/performance.spec.ts:49:5 › Performance Tests › Dither Tool page should load within acceptable time (7.3s)
  ✓   651 [firefox] › tests/performance.spec.ts:90:5 › Performance Tests › Dither Tool page should have proper resource hints (8.0s)
  ✓   655 [firefox] › tests/performance.spec.ts:90:5 › Performance Tests › Editor Tool page should have proper resource hints (3.9s)
  ✓   656 [firefox] › tests/performance.spec.ts:127:5 › Performance Tests › Editor Tool page should not have excessive DOM size (5.4s)
  ✓   652 [firefox] › tests/performance.spec.ts:127:5 › Performance Tests › Dither Tool page should not have excessive DOM size (8.1s)
  ✓   654 [firefox] › tests/performance.spec.ts:61:5 › Performance Tests › Editor Tool page should have optimized images (9.0s)
  ✓   659 [firefox] › tests/performance.spec.ts:61:5 › Performance Tests › Masking Tool page should have optimized images (5.1s)
  ✘   653 [firefox] › tests/performance.spec.ts:49:5 › Performance Tests › Editor Tool page should load within acceptable time (8.8s)
  ✓   661 [firefox] › tests/performance.spec.ts:127:5 › Performance Tests › Masking Tool page should not have excessive DOM size (4.0s)
  ✘   657 [firefox] › tests/performance.spec.ts:49:5 › Performance Tests › Masking Tool page should load within acceptable time (9.1s)
  ✓   662 [firefox] › tests/performance.spec.ts:49:5 › Performance Tests › Journal Index page should load within acceptable time (4.4s)
  ✓   663 [firefox] › tests/performance.spec.ts:61:5 › Performance Tests › Journal Index page should have optimized images (3.8s)
  ✓   665 [firefox] › tests/performance.spec.ts:127:5 › Performance Tests › Journal Index page should not have excessive DOM size (2.9s)
  ✓   660 [firefox] › tests/performance.spec.ts:90:5 › Performance Tests › Masking Tool page should have proper resource hints (9.6s)
  ✓   666 [firefox] › tests/performance.spec.ts:163:3 › Core Web Vitals › Home page should meet LCP threshold (3.2s)
  ✓   664 [firefox] › tests/performance.spec.ts:90:5 › Performance Tests › Journal Index page should have proper resource hints (5.6s)
  ✓   668 [firefox] › tests/performance.spec.ts:215:3 › Core Web Vitals › Home page should meet FCP threshold (2.9s)
  ✓   669 [firefox] › tests/performance.spec.ts:240:3 › Core Web Vitals › Home page should have reasonable TTFB (2.5s)
  ✓   671 [firefox] › tests/performance.spec.ts:281:3 › Resource Loading › should have efficient CSS loading (2.5s)
  ✓   673 [firefox] › tests/performance.spec.ts:304:3 › Resource Loading › should use text compression (1.8s)
  ✘   658 [firefox] › tests/performance.spec.ts:49:5 › Performance Tests › Background Tool page should load within acceptable time (retry #1) (9.0s)
  ✓   675 [firefox] › tests/performance.spec.ts:323:3 › Mobile Performance › should perform well on mobile (2.1s)
  ✓   670 [firefox] › tests/performance.spec.ts:256:3 › Resource Loading › should not have render-blocking resources (4.8s)
  ✓   677 [firefox] › tests/performance.spec.ts:358:3 › Network Performance › should not have excessive resource requests (3.0s)
  ✓   667 [firefox] › tests/performance.spec.ts:188:3 › Core Web Vitals › Home page should meet CLS threshold (8.7s)
  ✓   679 [firefox] › tests/seo.spec.ts:84:5 › SEO Meta Tags › Home page should have proper title (3.6s)
  ✓   676 [firefox] › tests/performance.spec.ts:333:3 › Mobile Performance › should have mobile-optimized images (5.7s)
  ✓   680 [firefox] › tests/seo.spec.ts:104:5 › SEO Meta Tags › Home page should have meta description (2.5s)
  ✓   678 [firefox] › tests/performance.spec.ts:386:3 › Network Performance › should have reasonable total resource size (5.2s)
  ✓   681 [firefox] › tests/seo.spec.ts:116:5 › SEO Meta Tags › Home page should have canonical URL (2.8s)
  ✓   672 [firefox] › tests/performance.spec.ts:49:5 › Performance Tests › Editor Tool page should load within acceptable time (retry #1) (8.7s)
  ✓   685 [firefox] › tests/seo.spec.ts:181:5 › SEO Meta Tags › Home page should have proper lang attribute (3.3s)
  ✓   682 [firefox] › tests/seo.spec.ts:127:5 › SEO Meta Tags › Home page should have Open Graph tags (4.8s)
  ✓   674 [firefox] › tests/performance.spec.ts:49:5 › Performance Tests › Masking Tool page should load within acceptable time (retry #1) (7.4s)
  ✓   689 [firefox] › tests/seo.spec.ts:116:5 › SEO Meta Tags › Contact page should have canonical URL (2.2s)
  ✓   684 [firefox] › tests/seo.spec.ts:155:5 › SEO Meta Tags › Home page should have Twitter Card tags (6.2s)
  ✓   688 [firefox] › tests/seo.spec.ts:104:5 › SEO Meta Tags › Contact page should have meta description (4.1s)
  ✓   687 [firefox] › tests/seo.spec.ts:84:5 › SEO Meta Tags › Contact page should have proper title (6.5s)
  ✓   686 [firefox] › tests/seo.spec.ts:190:7 › SEO Meta Tags › Home page should have valid Schema.org data (8.1s)
  ✓   693 [firefox] › tests/seo.spec.ts:190:7 › SEO Meta Tags › Contact page should have valid Schema.org data (2.7s)
  ✓   691 [firefox] › tests/seo.spec.ts:155:5 › SEO Meta Tags › Contact page should have Twitter Card tags (4.2s)
  ✓   692 [firefox] › tests/seo.spec.ts:181:5 › SEO Meta Tags › Contact page should have proper lang attribute (3.2s)
  ✓   690 [firefox] › tests/seo.spec.ts:127:5 › SEO Meta Tags › Contact page should have Open Graph tags (5.6s)
  ✓   694 [firefox] › tests/seo.spec.ts:104:5 › SEO Meta Tags › Gallery page should have meta description (4.9s)
  ✓   696 [firefox] › tests/seo.spec.ts:116:5 › SEO Meta Tags › Gallery page should have canonical URL (4.7s)
  ✓   695 [firefox] › tests/seo.spec.ts:84:5 › SEO Meta Tags › Gallery page should have proper title (5.9s)
  ✓   699 [firefox] › tests/seo.spec.ts:181:5 › SEO Meta Tags › Gallery page should have proper lang attribute (5.5s)
  ✓   698 [firefox] › tests/seo.spec.ts:155:5 › SEO Meta Tags › Gallery page should have Twitter Card tags (6.6s)
  ✓   703 [firefox] › tests/seo.spec.ts:116:5 › SEO Meta Tags › Privacy Policy page should have canonical URL (3.0s)
  ✘   683 [firefox] › tests/performance.spec.ts:49:5 › Performance Tests › Background Tool page should load within acceptable time (retry #2) (9.9s)
  ✓   700 [firefox] › tests/seo.spec.ts:190:7 › SEO Meta Tags › Gallery page should have valid Schema.org data (7.7s)
  ✓   697 [firefox] › tests/seo.spec.ts:127:5 › SEO Meta Tags › Gallery page should have Open Graph tags (9.3s)
  ✓   704 [firefox] › tests/seo.spec.ts:127:5 › SEO Meta Tags › Privacy Policy page should have Open Graph tags (3.8s)
  ✓   705 [firefox] › tests/seo.spec.ts:155:5 › SEO Meta Tags › Privacy Policy page should have Twitter Card tags (3.1s)
  ✓   701 [firefox] › tests/seo.spec.ts:84:5 › SEO Meta Tags › Privacy Policy page should have proper title (7.0s)
  ✓   706 [firefox] › tests/seo.spec.ts:181:5 › SEO Meta Tags › Privacy Policy page should have proper lang attribute (3.2s)
  ✓   702 [firefox] › tests/seo.spec.ts:104:5 › SEO Meta Tags › Privacy Policy page should have meta description (7.0s)
  ✓   710 [firefox] › tests/seo.spec.ts:127:5 › SEO Meta Tags › Terms of Service page should have Open Graph tags (2.4s)
  ✓   709 [firefox] › tests/seo.spec.ts:116:5 › SEO Meta Tags › Terms of Service page should have canonical URL (3.0s)
  ✓   712 [firefox] › tests/seo.spec.ts:181:5 › SEO Meta Tags › Terms of Service page should have proper lang attribute (1.9s)
  ✓   708 [firefox] › tests/seo.spec.ts:104:5 › SEO Meta Tags › Terms of Service page should have meta description (4.0s)
  ✓   714 [firefox] › tests/seo.spec.ts:84:5 › SEO Meta Tags › Tools Index page should have proper title (1.8s)
  ✓   713 [firefox] › tests/seo.spec.ts:190:7 › SEO Meta Tags › Terms of Service page should have valid Schema.org data (2.2s)
  ✓   715 [firefox] › tests/seo.spec.ts:104:5 › SEO Meta Tags › Tools Index page should have meta description (1.8s)
  ✓   716 [firefox] › tests/seo.spec.ts:116:5 › SEO Meta Tags › Tools Index page should have canonical URL (2.1s)
  ✓   707 [firefox] › tests/seo.spec.ts:84:5 › SEO Meta Tags › Terms of Service page should have proper title (6.8s)
  ✓   719 [firefox] › tests/seo.spec.ts:155:5 › SEO Meta Tags › Tools Index page should have Twitter Card tags (2.8s)
  ✓   721 [firefox] › tests/seo.spec.ts:190:7 › SEO Meta Tags › Tools Index page should have valid Schema.org data (3.8s)
  ✓   711 [firefox] › tests/seo.spec.ts:155:5 › SEO Meta Tags › Terms of Service page should have Twitter Card tags (7.7s)
  ✓   718 [firefox] › tests/seo.spec.ts:127:5 › SEO Meta Tags › Tools Index page should have Open Graph tags (5.2s)
  ✓   722 [firefox] › tests/seo.spec.ts:84:5 › SEO Meta Tags › Background Tool page should have proper title (5.2s)
  ✓   724 [firefox] › tests/seo.spec.ts:116:5 › SEO Meta Tags › Background Tool page should have canonical URL (6.0s)
  ✓   720 [firefox] › tests/seo.spec.ts:181:5 › SEO Meta Tags › Tools Index page should have proper lang attribute (10.0s)
  ✓   725 [firefox] › tests/seo.spec.ts:127:5 › SEO Meta Tags › Background Tool page should have Open Graph tags (6.8s)
  ✓   728 [firefox] › tests/seo.spec.ts:190:7 › SEO Meta Tags › Background Tool page should have valid Schema.org data (6.1s)
  ✓   717 [firefox] › tests/seo.spec.ts:190:7 › SEO Meta Tags › Privacy Policy page should have valid Schema.org data (11.6s)
  ✓   729 [firefox] › tests/seo.spec.ts:84:5 › SEO Meta Tags › Contour Tool page should have proper title (6.4s)
  ✓   723 [firefox] › tests/seo.spec.ts:104:5 › SEO Meta Tags › Background Tool page should have meta description (14.7s)
  ✓   732 [firefox] › tests/seo.spec.ts:127:5 › SEO Meta Tags › Contour Tool page should have Open Graph tags (5.0s)
  ✓   726 [firefox] › tests/seo.spec.ts:155:5 › SEO Meta Tags › Background Tool page should have Twitter Card tags (13.4s)
  ✓   727 [firefox] › tests/seo.spec.ts:181:5 › SEO Meta Tags › Background Tool page should have proper lang attribute (14.2s)
  ✓   731 [firefox] › tests/seo.spec.ts:116:5 › SEO Meta Tags › Contour Tool page should have canonical URL (8.1s)
  ✓   734 [firefox] › tests/seo.spec.ts:181:5 › SEO Meta Tags › Contour Tool page should have proper lang attribute (4.5s)
  ✓   733 [firefox] › tests/seo.spec.ts:155:5 › SEO Meta Tags › Contour Tool page should have Twitter Card tags (6.1s)
  ✓   730 [firefox] › tests/seo.spec.ts:104:5 › SEO Meta Tags › Contour Tool page should have meta description (11.5s)
  ✓   736 [firefox] › tests/seo.spec.ts:84:5 › SEO Meta Tags › Dither Tool page should have proper title (5.0s)
  ✓   737 [firefox] › tests/seo.spec.ts:104:5 › SEO Meta Tags › Dither Tool page should have meta description (4.8s)
  ✓   740 [firefox] › tests/seo.spec.ts:155:5 › SEO Meta Tags › Dither Tool page should have Twitter Card tags (5.7s)
  ✓   742 [firefox] › tests/seo.spec.ts:190:7 › SEO Meta Tags › Dither Tool page should have valid Schema.org data (4.1s)
  ✓   739 [firefox] › tests/seo.spec.ts:127:5 › SEO Meta Tags › Dither Tool page should have Open Graph tags (6.7s)
  ✓   735 [firefox] › tests/seo.spec.ts:190:7 › SEO Meta Tags › Contour Tool page should have valid Schema.org data (10.7s)
  ✓   743 [firefox] › tests/seo.spec.ts:84:5 › SEO Meta Tags › Editor Tool page should have proper title (5.0s)
  ✓   738 [firefox] › tests/seo.spec.ts:116:5 › SEO Meta Tags › Dither Tool page should have canonical URL (9.2s)
  ✓   741 [firefox] › tests/seo.spec.ts:181:5 › SEO Meta Tags › Dither Tool page should have proper lang attribute (7.3s)
  ✓   745 [firefox] › tests/seo.spec.ts:116:5 › SEO Meta Tags › Editor Tool page should have canonical URL (4.7s)
  ✓   749 [firefox] › tests/seo.spec.ts:190:7 › SEO Meta Tags › Editor Tool page should have valid Schema.org data (5.0s)
  ✓   751 [firefox] › tests/seo.spec.ts:104:5 › SEO Meta Tags › Masking Tool page should have meta description (4.6s)
  ✓   744 [firefox] › tests/seo.spec.ts:104:5 › SEO Meta Tags › Editor Tool page should have meta description (10.5s)
  ✓   747 [firefox] › tests/seo.spec.ts:155:5 › SEO Meta Tags › Editor Tool page should have Twitter Card tags (7.8s)
  ✓   752 [firefox] › tests/seo.spec.ts:116:5 › SEO Meta Tags › Masking Tool page should have canonical URL (5.5s)
  ✓   748 [firefox] › tests/seo.spec.ts:181:5 › SEO Meta Tags › Editor Tool page should have proper lang attribute (9.1s)
  ✓   754 [firefox] › tests/seo.spec.ts:155:5 › SEO Meta Tags › Masking Tool page should have Twitter Card tags (3.5s)
  ✓   746 [firefox] › tests/seo.spec.ts:127:5 › SEO Meta Tags › Editor Tool page should have Open Graph tags (12.0s)
  ✓   757 [firefox] › tests/seo.spec.ts:84:5 › SEO Meta Tags › Journal Index page should have proper title (1.9s)
  ✓   753 [firefox] › tests/seo.spec.ts:127:5 › SEO Meta Tags › Masking Tool page should have Open Graph tags (5.4s)
  ✓   750 [firefox] › tests/seo.spec.ts:84:5 › SEO Meta Tags › Masking Tool page should have proper title (10.2s)
  ✓   759 [firefox] › tests/seo.spec.ts:116:5 › SEO Meta Tags › Journal Index page should have canonical URL (1.6s)
  ✓   758 [firefox] › tests/seo.spec.ts:104:5 › SEO Meta Tags › Journal Index page should have meta description (2.0s)
  ✓   756 [firefox] › tests/seo.spec.ts:190:7 › SEO Meta Tags › Masking Tool page should have valid Schema.org data (6.6s)
  ✓   763 [firefox] › tests/seo.spec.ts:190:7 › SEO Meta Tags › Journal Index page should have valid Schema.org data (3.6s)
  ✓   760 [firefox] › tests/seo.spec.ts:127:5 › SEO Meta Tags › Journal Index page should have Open Graph tags (4.2s)
  ✓   761 [firefox] › tests/seo.spec.ts:155:5 › SEO Meta Tags › Journal Index page should have Twitter Card tags (4.6s)
  ✓   765 [firefox] › tests/seo.spec.ts:229:3 › SEO Structure › should have robots.txt (4.0s)
  ✓   762 [firefox] › tests/seo.spec.ts:181:5 › SEO Meta Tags › Journal Index page should have proper lang attribute (4.7s)
  ✓   755 [firefox] › tests/seo.spec.ts:181:5 › SEO Meta Tags › Masking Tool page should have proper lang attribute (11.3s)
  ✓   764 [firefox] › tests/seo.spec.ts:218:3 › SEO Structure › should have sitemap.xml (6.9s)
  ✓   769 [firefox] › tests/seo.spec.ts:293:3 › Mobile SEO › should have viewport meta tag (3.6s)
  ✓   766 [firefox] › tests/seo.spec.ts:236:3 › SEO Structure › should have proper heading structure on home page (9.8s)
  ✓   773 [firefox] › tests/seo.spec.ts:365:3 › Performance SEO › should have optimized images (5.5s)
  ✓   772 [firefox] › tests/seo.spec.ts:349:3 › Performance SEO › should have preconnect to external domains (6.7s)
  ✓   771 [firefox] › tests/seo.spec.ts:318:3 › Mobile SEO › should have touch-friendly tap targets (10.1s)
  ✓   770 [firefox] › tests/seo.spec.ts:301:3 › Mobile SEO › should be mobile-friendly (10.5s)
  ✓   767 [firefox] › tests/seo.spec.ts:250:3 › SEO Structure › links should have descriptive text (11.7s)
  ✓   768 [firefox] › tests/seo.spec.ts:275:3 › SEO Structure › images should have alt text (11.6s)
  ✓   774 [webkit] › tests/accessibility.spec.ts:53:5 › Accessibility Tests (WCAG 2.1 AA) › Home page should have no accessibility violations (4.8s)
  ✓   776 [webkit] › tests/accessibility.spec.ts:68:5 › Accessibility Tests (WCAG 2.1 AA) › Home page should have proper heading hierarchy (3.3s)
  ✓   775 [webkit] › tests/accessibility.spec.ts:98:5 › Accessibility Tests (WCAG 2.1 AA) › Home page should have accessible images (4.7s)
  ✓   778 [webkit] › tests/accessibility.spec.ts:68:5 › Accessibility Tests (WCAG 2.1 AA) › Contact page should have proper heading hierarchy (2.9s)
  ✓   782 [webkit] › tests/accessibility.spec.ts:141:5 › Accessibility Tests (WCAG 2.1 AA) › Contact page should have proper focus indicators (3.3s)
  ✓   780 [webkit] › tests/accessibility.spec.ts:98:5 › Accessibility Tests (WCAG 2.1 AA) › Contact page should have accessible images (2.7s)
  ✓   777 [webkit] › tests/accessibility.spec.ts:53:5 › Accessibility Tests (WCAG 2.1 AA) › Contact page should have no accessibility violations (4.9s)
  ✓   779 [webkit] › tests/accessibility.spec.ts:141:5 › Accessibility Tests (WCAG 2.1 AA) › Home page should have proper focus indicators (6.5s)
  ✓   784 [webkit] › tests/accessibility.spec.ts:68:5 › Accessibility Tests (WCAG 2.1 AA) › Gallery page should have proper heading hierarchy (5.5s)
  ✓   781 [webkit] › tests/accessibility.spec.ts:121:5 › Accessibility Tests (WCAG 2.1 AA) › Contact page should have accessible links (7.9s)
  ✓   790 [webkit] › tests/accessibility.spec.ts:68:5 › Accessibility Tests (WCAG 2.1 AA) › Privacy Policy page should have proper heading hierarchy (2.7s)
  ✓   787 [webkit] › tests/accessibility.spec.ts:141:5 › Accessibility Tests (WCAG 2.1 AA) › Gallery page should have proper focus indicators (6.8s)
  ✓   791 [webkit] › tests/accessibility.spec.ts:98:5 › Accessibility Tests (WCAG 2.1 AA) › Privacy Policy page should have accessible images (2.9s)
  ✓   783 [webkit] › tests/accessibility.spec.ts:53:5 › Accessibility Tests (WCAG 2.1 AA) › Gallery page should have no accessibility violations (9.6s)
  ✓   786 [webkit] › tests/accessibility.spec.ts:121:5 › Accessibility Tests (WCAG 2.1 AA) › Gallery page should have accessible links (9.1s)
  ✓   789 [webkit] › tests/accessibility.spec.ts:53:5 › Accessibility Tests (WCAG 2.1 AA) › Privacy Policy page should have no accessibility violations (5.5s)
  ✓   794 [webkit] › tests/accessibility.spec.ts:68:5 › Accessibility Tests (WCAG 2.1 AA) › Terms of Service page should have proper heading hierarchy (2.8s)
  ✓   793 [webkit] › tests/accessibility.spec.ts:141:5 › Accessibility Tests (WCAG 2.1 AA) › Privacy Policy page should have proper focus indicators (4.1s)
  ✓   796 [webkit] › tests/accessibility.spec.ts:98:5 › Accessibility Tests (WCAG 2.1 AA) › Terms of Service page should have accessible images (2.4s)
  ✓   788 [webkit] › tests/accessibility.spec.ts:121:5 › Accessibility Tests (WCAG 2.1 AA) › Home page should have accessible links (8.9s)
  ✓   795 [webkit] › tests/accessibility.spec.ts:53:5 › Accessibility Tests (WCAG 2.1 AA) › Terms of Service page should have no accessibility violations (4.9s)
  ✓   785 [webkit] › tests/accessibility.spec.ts:98:5 › Accessibility Tests (WCAG 2.1 AA) › Gallery page should have accessible images (12.9s)
  ✓   800 [webkit] › tests/accessibility.spec.ts:68:5 › Accessibility Tests (WCAG 2.1 AA) › Tools Index page should have proper heading hierarchy (2.2s)
  ✓   798 [webkit] › tests/accessibility.spec.ts:141:5 › Accessibility Tests (WCAG 2.1 AA) › Terms of Service page should have proper focus indicators (3.7s)
  ✓   801 [webkit] › tests/accessibility.spec.ts:98:5 › Accessibility Tests (WCAG 2.1 AA) › Tools Index page should have accessible images (2.0s)
  ✓   792 [webkit] › tests/accessibility.spec.ts:121:5 › Accessibility Tests (WCAG 2.1 AA) › Privacy Policy page should have accessible links (8.7s)
  ✓   799 [webkit] › tests/accessibility.spec.ts:53:5 › Accessibility Tests (WCAG 2.1 AA) › Tools Index page should have no accessibility violations (4.1s)
  ✓   803 [webkit] › tests/accessibility.spec.ts:141:5 › Accessibility Tests (WCAG 2.1 AA) › Tools Index page should have proper focus indicators (3.1s)
  ✓   797 [webkit] › tests/accessibility.spec.ts:121:5 › Accessibility Tests (WCAG 2.1 AA) › Terms of Service page should have accessible links (7.4s)
  ✓   805 [webkit] › tests/accessibility.spec.ts:68:5 › Accessibility Tests (WCAG 2.1 AA) › Background Tool page should have proper heading hierarchy (2.7s)
  ✓   806 [webkit] › tests/accessibility.spec.ts:98:5 › Accessibility Tests (WCAG 2.1 AA) › Background Tool page should have accessible images (2.7s)
  ✓   804 [webkit] › tests/accessibility.spec.ts:53:5 › Accessibility Tests (WCAG 2.1 AA) › Background Tool page should have no accessibility violations (4.2s)
  ✓   802 [webkit] › tests/accessibility.spec.ts:121:5 › Accessibility Tests (WCAG 2.1 AA) › Tools Index page should have accessible links (6.8s)
  ✓   810 [webkit] › tests/accessibility.spec.ts:68:5 › Accessibility Tests (WCAG 2.1 AA) › Contour Tool page should have proper heading hierarchy (2.6s)
  ✓   811 [webkit] › tests/accessibility.spec.ts:98:5 › Accessibility Tests (WCAG 2.1 AA) › Contour Tool page should have accessible images (2.5s)
  ✓   808 [webkit] › tests/accessibility.spec.ts:141:5 › Accessibility Tests (WCAG 2.1 AA) › Background Tool page should have proper focus indicators (3.6s)
  ✓   809 [webkit] › tests/accessibility.spec.ts:53:5 › Accessibility Tests (WCAG 2.1 AA) › Contour Tool page should have no accessibility violations (5.3s)
  ✓   813 [webkit] › tests/accessibility.spec.ts:141:5 › Accessibility Tests (WCAG 2.1 AA) › Contour Tool page should have proper focus indicators (3.6s)
  ✓   807 [webkit] › tests/accessibility.spec.ts:121:5 › Accessibility Tests (WCAG 2.1 AA) › Background Tool page should have accessible links (6.3s)
  ✓   816 [webkit] › tests/accessibility.spec.ts:98:5 › Accessibility Tests (WCAG 2.1 AA) › Dither Tool page should have accessible images (2.7s)
  ✓   815 [webkit] › tests/accessibility.spec.ts:68:5 › Accessibility Tests (WCAG 2.1 AA) › Dither Tool page should have proper heading hierarchy (3.2s)
  ✓   812 [webkit] › tests/accessibility.spec.ts:121:5 › Accessibility Tests (WCAG 2.1 AA) › Contour Tool page should have accessible links (6.0s)
  ✓   814 [webkit] › tests/accessibility.spec.ts:53:5 › Accessibility Tests (WCAG 2.1 AA) › Dither Tool page should have no accessibility violations (5.2s)
  ✓   820 [webkit] › tests/accessibility.spec.ts:68:5 › Accessibility Tests (WCAG 2.1 AA) › Editor Tool page should have proper heading hierarchy (2.7s)
  ✓   818 [webkit] › tests/accessibility.spec.ts:141:5 › Accessibility Tests (WCAG 2.1 AA) › Dither Tool page should have proper focus indicators (3.4s)
  ✓   821 [webkit] › tests/accessibility.spec.ts:98:5 › Accessibility Tests (WCAG 2.1 AA) › Editor Tool page should have accessible images (3.2s)
  ✓   819 [webkit] › tests/accessibility.spec.ts:53:5 › Accessibility Tests (WCAG 2.1 AA) › Editor Tool page should have no accessibility violations (4.8s)
  ✓   817 [webkit] › tests/accessibility.spec.ts:121:5 › Accessibility Tests (WCAG 2.1 AA) › Dither Tool page should have accessible links (7.0s)
  ✓   823 [webkit] › tests/accessibility.spec.ts:141:5 › Accessibility Tests (WCAG 2.1 AA) › Editor Tool page should have proper focus indicators (3.6s)
  ✓   825 [webkit] › tests/accessibility.spec.ts:68:5 › Accessibility Tests (WCAG 2.1 AA) › Masking Tool page should have proper heading hierarchy (2.7s)
  ✓   826 [webkit] › tests/accessibility.spec.ts:98:5 › Accessibility Tests (WCAG 2.1 AA) › Masking Tool page should have accessible images (2.8s)
  ✓   824 [webkit] › tests/accessibility.spec.ts:53:5 › Accessibility Tests (WCAG 2.1 AA) › Masking Tool page should have no accessibility violations (3.7s)
  ✓   830 [webkit] › tests/accessibility.spec.ts:68:5 › Accessibility Tests (WCAG 2.1 AA) › Journal Index page should have proper heading hierarchy (1.6s)
  ✓   822 [webkit] › tests/accessibility.spec.ts:121:5 › Accessibility Tests (WCAG 2.1 AA) › Editor Tool page should have accessible links (6.4s)
  ✓   831 [webkit] › tests/accessibility.spec.ts:98:5 › Accessibility Tests (WCAG 2.1 AA) › Journal Index page should have accessible images (1.6s)
  ✓   828 [webkit] › tests/accessibility.spec.ts:141:5 › Accessibility Tests (WCAG 2.1 AA) › Masking Tool page should have proper focus indicators (3.1s)
  ✓   829 [webkit] › tests/accessibility.spec.ts:53:5 › Accessibility Tests (WCAG 2.1 AA) › Journal Index page should have no accessibility violations (3.1s)
  ✓   827 [webkit] › tests/accessibility.spec.ts:121:5 › Accessibility Tests (WCAG 2.1 AA) › Masking Tool page should have accessible links (5.7s)
  ✓   833 [webkit] › tests/accessibility.spec.ts:141:5 › Accessibility Tests (WCAG 2.1 AA) › Journal Index page should have proper focus indicators (3.4s)
  ✓   832 [webkit] › tests/accessibility.spec.ts:121:5 › Accessibility Tests (WCAG 2.1 AA) › Journal Index page should have accessible links (5.0s)
  ✓   837 [webkit] › tests/accessibility.spec.ts:198:5 › Dark Mode Accessibility › Contact page should maintain color contrast in dark mode (4.2s)
  ✓   835 [webkit] › tests/accessibility.spec.ts:198:5 › Dark Mode Accessibility › Home page should maintain color contrast in dark mode (5.1s)
  ✓   836 [webkit] › tests/accessibility.spec.ts:183:5 › Dark Mode Accessibility › Contact page should have no accessibility violations in dark mode (5.4s)
  ✓   834 [webkit] › tests/accessibility.spec.ts:183:5 › Dark Mode Accessibility › Home page should have no accessibility violations in dark mode (6.3s)
  ✓   841 [webkit] › tests/accessibility.spec.ts:198:5 › Dark Mode Accessibility › Privacy Policy page should maintain color contrast in dark mode (4.6s)
  ✓   840 [webkit] › tests/accessibility.spec.ts:183:5 › Dark Mode Accessibility › Privacy Policy page should have no accessibility violations in dark mode (5.8s)
  ✓   845 [webkit] › tests/accessibility.spec.ts:198:5 › Dark Mode Accessibility › Tools Index page should maintain color contrast in dark mode (3.1s)
  ✓   844 [webkit] › tests/accessibility.spec.ts:183:5 › Dark Mode Accessibility › Tools Index page should have no accessibility violations in dark mode (3.6s)
  ✓   843 [webkit] › tests/accessibility.spec.ts:198:5 › Dark Mode Accessibility › Terms of Service page should maintain color contrast in dark mode (4.1s)
  ✓   839 [webkit] › tests/accessibility.spec.ts:198:5 › Dark Mode Accessibility › Gallery page should maintain color contrast in dark mode (7.2s)
  ✓   842 [webkit] › tests/accessibility.spec.ts:183:5 › Dark Mode Accessibility › Terms of Service page should have no accessibility violations in dark mode (4.6s)
  ✓   838 [webkit] › tests/accessibility.spec.ts:183:5 › Dark Mode Accessibility › Gallery page should have no accessibility violations in dark mode (9.0s)
  ✓   847 [webkit] › tests/accessibility.spec.ts:198:5 › Dark Mode Accessibility › Background Tool page should maintain color contrast in dark mode (3.2s)
  ✓   849 [webkit] › tests/accessibility.spec.ts:198:5 › Dark Mode Accessibility › Contour Tool page should maintain color contrast in dark mode (3.6s)
  ✓   846 [webkit] › tests/accessibility.spec.ts:183:5 › Dark Mode Accessibility › Background Tool page should have no accessibility violations in dark mode (4.2s)
  ✓   848 [webkit] › tests/accessibility.spec.ts:183:5 › Dark Mode Accessibility › Contour Tool page should have no accessibility violations in dark mode (4.4s)
  ✓   851 [webkit] › tests/accessibility.spec.ts:198:5 › Dark Mode Accessibility › Dither Tool page should maintain color contrast in dark mode (4.1s)
  -   858 [webkit] › tests/accessibility.spec.ts:222:3 › Keyboard Navigation › should handle focus management correctly
  -   859 [webkit] › tests/accessibility.spec.ts:246:3 › Keyboard Navigation › should be able to navigate the site using only keyboard
  -   860 [webkit] › tests/accessibility.spec.ts:274:3 › Keyboard Navigation › should handle mobile menu focus correctly
  ✓   850 [webkit] › tests/accessibility.spec.ts:183:5 › Dark Mode Accessibility › Dither Tool page should have no accessibility violations in dark mode (4.9s)
  ✓   853 [webkit] › tests/accessibility.spec.ts:198:5 › Dark Mode Accessibility › Editor Tool page should maintain color contrast in dark mode (3.9s)
  ✓   852 [webkit] › tests/accessibility.spec.ts:183:5 › Dark Mode Accessibility › Editor Tool page should have no accessibility violations in dark mode (4.8s)
  ✓   861 [webkit] › tests/accessibility.spec.ts:299:3 › Form Accessibility › contact form should have proper labels (1.7s)
  ✓   854 [webkit] › tests/accessibility.spec.ts:183:5 › Dark Mode Accessibility › Masking Tool page should have no accessibility violations in dark mode (3.7s)
  ✓   855 [webkit] › tests/accessibility.spec.ts:198:5 › Dark Mode Accessibility › Masking Tool page should maintain color contrast in dark mode (3.2s)
  ✓   862 [webkit] › tests/accessibility.spec.ts:325:3 › Form Accessibility › contact form should show validation errors accessibly (2.0s)
  ✓   857 [webkit] › tests/accessibility.spec.ts:198:5 › Dark Mode Accessibility › Journal Index page should maintain color contrast in dark mode (2.8s)
  ✓   856 [webkit] › tests/accessibility.spec.ts:183:5 › Dark Mode Accessibility › Journal Index page should have no accessibility violations in dark mode (3.4s)
  ✓   864 [webkit] › tests/accessibility.spec.ts:352:5 › ARIA Landmarks › Contact page should have proper ARIA landmarks (2.4s)
  ✓   863 [webkit] › tests/accessibility.spec.ts:352:5 › ARIA Landmarks › Home page should have proper ARIA landmarks (2.9s)
  ✓   866 [webkit] › tests/accessibility.spec.ts:352:5 › ARIA Landmarks › Privacy Policy page should have proper ARIA landmarks (1.8s)
  ✓   868 [webkit] › tests/accessibility.spec.ts:352:5 › ARIA Landmarks › Tools Index page should have proper ARIA landmarks (2.4s)
  ✓   870 [webkit] › tests/accessibility.spec.ts:352:5 › ARIA Landmarks › Contour Tool page should have proper ARIA landmarks (2.4s)
  ✓   869 [webkit] › tests/accessibility.spec.ts:352:5 › ARIA Landmarks › Background Tool page should have proper ARIA landmarks (2.5s)
  ✓   867 [webkit] › tests/accessibility.spec.ts:352:5 › ARIA Landmarks › Terms of Service page should have proper ARIA landmarks (2.7s)
  ✓   871 [webkit] › tests/accessibility.spec.ts:352:5 › ARIA Landmarks › Dither Tool page should have proper ARIA landmarks (2.3s)
  ✓   865 [webkit] › tests/accessibility.spec.ts:352:5 › ARIA Landmarks › Gallery page should have proper ARIA landmarks (4.0s)
  ✓   872 [webkit] › tests/accessibility.spec.ts:352:5 › ARIA Landmarks › Editor Tool page should have proper ARIA landmarks (2.6s)
  ✓   873 [webkit] › tests/accessibility.spec.ts:352:5 › ARIA Landmarks › Masking Tool page should have proper ARIA landmarks (2.4s)
  ✓   874 [webkit] › tests/accessibility.spec.ts:352:5 › ARIA Landmarks › Journal Index page should have proper ARIA landmarks (2.0s)
  ✓   879 [webkit] › tests/performance.spec.ts:90:5 › Performance Tests › Home page should have proper resource hints (2.2s)
  ✓   881 [webkit] › tests/performance.spec.ts:49:5 › Performance Tests › Contact page should load within acceptable time (1.7s)
  ✓   875 [webkit] › tests/accessibility.spec.ts:378:3 › Mobile Accessibility › should be accessible on mobile devices (3.1s)
  ✓   876 [webkit] › tests/accessibility.spec.ts:392:3 › Mobile Accessibility › should have touch-friendly targets on mobile (3.2s)
  ✓   877 [webkit] › tests/performance.spec.ts:49:5 › Performance Tests › Home page should load within acceptable time (3.4s)
  ✓   882 [webkit] › tests/performance.spec.ts:61:5 › Performance Tests › Contact page should have optimized images (1.7s)
  ✓   883 [webkit] › tests/performance.spec.ts:90:5 › Performance Tests › Contact page should have proper resource hints (1.2s)
  ✓   884 [webkit] › tests/performance.spec.ts:127:5 › Performance Tests › Contact page should not have excessive DOM size (1.4s)
  ✓   878 [webkit] › tests/performance.spec.ts:61:5 › Performance Tests › Home page should have optimized images (3.8s)
  ✓   880 [webkit] › tests/performance.spec.ts:127:5 › Performance Tests › Home page should not have excessive DOM size (3.3s)
  ✓   891 [webkit] › tests/performance.spec.ts:90:5 › Performance Tests › Privacy Policy page should have proper resource hints (1.9s)
  ✓   890 [webkit] › tests/performance.spec.ts:61:5 › Performance Tests › Privacy Policy page should have optimized images (2.3s)
  ✓   887 [webkit] › tests/performance.spec.ts:90:5 › Performance Tests › Gallery page should have proper resource hints (3.3s)
  ✓   892 [webkit] › tests/performance.spec.ts:127:5 › Performance Tests › Privacy Policy page should not have excessive DOM size (2.5s)
  ✓   889 [webkit] › tests/performance.spec.ts:49:5 › Performance Tests › Privacy Policy page should load within acceptable time (3.2s)
  ✓   885 [webkit] › tests/performance.spec.ts:49:5 › Performance Tests › Gallery page should load within acceptable time (4.5s)
  ✓   888 [webkit] › tests/performance.spec.ts:127:5 › Performance Tests › Gallery page should not have excessive DOM size (4.7s)
  ✓   896 [webkit] › tests/performance.spec.ts:90:5 › Performance Tests › Terms of Service page should have proper resource hints (1.7s)
  ✓   893 [webkit] › tests/performance.spec.ts:49:5 › Performance Tests › Terms of Service page should load within acceptable time (2.4s)
  ✓   894 [webkit] › tests/performance.spec.ts:61:5 › Performance Tests › Terms of Service page should have optimized images (2.2s)
  ✓   895 [webkit] › tests/performance.spec.ts:127:5 › Performance Tests › Terms of Service page should not have excessive DOM size (2.1s)
  ✓   897 [webkit] › tests/performance.spec.ts:49:5 › Performance Tests › Tools Index page should load within acceptable time (1.8s)
  ✓   898 [webkit] › tests/performance.spec.ts:61:5 › Performance Tests › Tools Index page should have optimized images (1.7s)
  ✓   899 [webkit] › tests/performance.spec.ts:90:5 › Performance Tests › Tools Index page should have proper resource hints (1.2s)
  ✓   886 [webkit] › tests/performance.spec.ts:61:5 › Performance Tests › Gallery page should have optimized images (6.9s)
  ✓   900 [webkit] › tests/performance.spec.ts:127:5 › Performance Tests › Tools Index page should not have excessive DOM size (1.8s)
  ✓   902 [webkit] › tests/performance.spec.ts:61:5 › Performance Tests › Background Tool page should have optimized images (2.1s)
  ✓   901 [webkit] › tests/performance.spec.ts:49:5 › Performance Tests › Background Tool page should load within acceptable time (2.3s)
  ✓   903 [webkit] › tests/performance.spec.ts:90:5 › Performance Tests › Background Tool page should have proper resource hints (2.1s)
  ✓   904 [webkit] › tests/performance.spec.ts:127:5 › Performance Tests › Background Tool page should not have excessive DOM size (2.2s)
  ✓   906 [webkit] › tests/performance.spec.ts:61:5 › Performance Tests › Contour Tool page should have optimized images (2.1s)
  ✓   905 [webkit] › tests/performance.spec.ts:49:5 › Performance Tests › Contour Tool page should load within acceptable time (2.3s)
  ✓   907 [webkit] › tests/performance.spec.ts:90:5 › Performance Tests › Contour Tool page should have proper resource hints (1.7s)
  ✓   908 [webkit] › tests/performance.spec.ts:127:5 › Performance Tests › Contour Tool page should not have excessive DOM size (2.0s)
  ✓   915 [webkit] › tests/performance.spec.ts:90:5 › Performance Tests › Editor Tool page should have proper resource hints (825ms)
  ✓   909 [webkit] › tests/performance.spec.ts:49:5 › Performance Tests › Dither Tool page should load within acceptable time (1.8s)
  ✓   911 [webkit] › tests/performance.spec.ts:90:5 › Performance Tests › Dither Tool page should have proper resource hints (1.9s)
  ✓   910 [webkit] › tests/performance.spec.ts:61:5 › Performance Tests › Dither Tool page should have optimized images (2.0s)
  ✓   912 [webkit] › tests/performance.spec.ts:127:5 › Performance Tests › Dither Tool page should not have excessive DOM size (2.3s)
  ✓   914 [webkit] › tests/performance.spec.ts:61:5 › Performance Tests › Editor Tool page should have optimized images (2.0s)
  ✓   913 [webkit] › tests/performance.spec.ts:49:5 › Performance Tests › Editor Tool page should load within acceptable time (2.1s)
  ✓   919 [webkit] › tests/performance.spec.ts:90:5 › Performance Tests › Masking Tool page should have proper resource hints (761ms)
  ✓   916 [webkit] › tests/performance.spec.ts:127:5 › Performance Tests › Editor Tool page should not have excessive DOM size (2.1s)
  ✓   917 [webkit] › tests/performance.spec.ts:49:5 › Performance Tests › Masking Tool page should load within acceptable time (2.0s)
  ✓   923 [webkit] › tests/performance.spec.ts:90:5 › Performance Tests › Journal Index page should have proper resource hints (835ms)
  ✓   918 [webkit] › tests/performance.spec.ts:61:5 › Performance Tests › Masking Tool page should have optimized images (2.2s)
  ✓   921 [webkit] › tests/performance.spec.ts:49:5 › Performance Tests › Journal Index page should load within acceptable time (1.6s)
  ✓   922 [webkit] › tests/performance.spec.ts:61:5 › Performance Tests › Journal Index page should have optimized images (1.6s)
  ✓   920 [webkit] › tests/performance.spec.ts:127:5 › Performance Tests › Masking Tool page should not have excessive DOM size (2.3s)
  ✓   924 [webkit] › tests/performance.spec.ts:127:5 › Performance Tests › Journal Index page should not have excessive DOM size (1.8s)
  ✓   927 [webkit] › tests/performance.spec.ts:215:3 › Core Web Vitals › Home page should meet FCP threshold (2.2s)
  ✓   928 [webkit] › tests/performance.spec.ts:240:3 › Core Web Vitals › Home page should have reasonable TTFB (2.3s)
  ✓   925 [webkit] › tests/performance.spec.ts:163:3 › Core Web Vitals › Home page should meet LCP threshold (2.6s)
  ✓   932 [webkit] › tests/performance.spec.ts:323:3 › Mobile Performance › should perform well on mobile (1.7s)
  ✓   930 [webkit] › tests/performance.spec.ts:281:3 › Resource Loading › should have efficient CSS loading (2.3s)
  ✓   931 [webkit] › tests/performance.spec.ts:304:3 › Resource Loading › should use text compression (2.3s)
  ✓   929 [webkit] › tests/performance.spec.ts:256:3 › Resource Loading › should not have render-blocking resources (3.0s)
  ✓   933 [webkit] › tests/performance.spec.ts:333:3 › Mobile Performance › should have mobile-optimized images (2.3s)
  ✓   936 [webkit] › tests/seo.spec.ts:84:5 › SEO Meta Tags › Home page should have proper title (2.6s)
  ✓   937 [webkit] › tests/seo.spec.ts:104:5 › SEO Meta Tags › Home page should have meta description (2.5s)
  ✓   938 [webkit] › tests/seo.spec.ts:116:5 › SEO Meta Tags › Home page should have canonical URL (2.3s)
  ✓   939 [webkit] › tests/seo.spec.ts:127:5 › SEO Meta Tags › Home page should have Open Graph tags (2.0s)
  ✓   934 [webkit] › tests/performance.spec.ts:358:3 › Network Performance › should not have excessive resource requests (3.4s)
  ✓   935 [webkit] › tests/performance.spec.ts:386:3 › Network Performance › should have reasonable total resource size (3.6s)
  ✓   943 [webkit] › tests/seo.spec.ts:84:5 › SEO Meta Tags › Contact page should have proper title (1.1s)
  ✓   941 [webkit] › tests/seo.spec.ts:181:5 › SEO Meta Tags › Home page should have proper lang attribute (1.5s)
  ✓   944 [webkit] › tests/seo.spec.ts:104:5 › SEO Meta Tags › Contact page should have meta description (942ms)
  ✓   945 [webkit] › tests/seo.spec.ts:116:5 › SEO Meta Tags › Contact page should have canonical URL (883ms)
  ✓   926 [webkit] › tests/performance.spec.ts:188:3 › Core Web Vitals › Home page should meet CLS threshold (6.9s)
  ✓   940 [webkit] › tests/seo.spec.ts:155:5 › SEO Meta Tags › Home page should have Twitter Card tags (2.2s)
  ✓   942 [webkit] › tests/seo.spec.ts:190:7 › SEO Meta Tags › Home page should have valid Schema.org data (1.9s)
  ✓   946 [webkit] › tests/seo.spec.ts:127:5 › SEO Meta Tags › Contact page should have Open Graph tags (1.4s)
  ✓   947 [webkit] › tests/seo.spec.ts:155:5 › SEO Meta Tags › Contact page should have Twitter Card tags (1.4s)
  ✓   949 [webkit] › tests/seo.spec.ts:190:7 › SEO Meta Tags › Contact page should have valid Schema.org data (1.3s)
  ✓   948 [webkit] › tests/seo.spec.ts:181:5 › SEO Meta Tags › Contact page should have proper lang attribute (1.5s)
